 mvdsv

 Timestamp is 60c39978 (Fri Jun 11 13:12:24 2021)

 Preferred load address is 00400000

 Start         Length     Name                   Class
 0001:00000000 00063fcfH .text$mn                CODE
 0002:00000000 0000027cH .idata$5                DATA
 0002:0000027c 00000004H .00cfg                  DATA
 0002:00000280 00000004H .CRT$XCA                DATA
 0002:00000284 00000004H .CRT$XCAA               DATA
 0002:00000288 00000004H .CRT$XCZ                DATA
 0002:0000028c 00000004H .CRT$XIA                DATA
 0002:00000290 00000004H .CRT$XIAA               DATA
 0002:00000294 00000004H .CRT$XIAC               DATA
 0002:00000298 00000004H .CRT$XIZ                DATA
 0002:0000029c 00000004H .CRT$XPA                DATA
 0002:000002a0 00000004H .CRT$XPZ                DATA
 0002:000002a4 00000004H .CRT$XTA                DATA
 0002:000002a8 00000008H .CRT$XTZ                DATA
 0002:000002ac 00000000H .gfids$y                DATA
 0002:000002b0 0000b580H .rdata                  DATA
 0002:0000b830 00000290H .rdata$zzzdbg           DATA
 0002:0000bac0 00000004H .rtc$IAA                DATA
 0002:0000bac4 00000004H .rtc$IZZ                DATA
 0002:0000bac8 00000004H .rtc$TAA                DATA
 0002:0000bacc 00000004H .rtc$TZZ                DATA
 0002:0000bad0 0000003cH .xdata$x                DATA
 0002:0000bb0c 00000000H .edata                  DATA
 0002:0000bb0c 00000078H .idata$2                DATA
 0002:0000bb84 00000014H .idata$3                DATA
 0002:0000bb98 0000027cH .idata$4                DATA
 0002:0000be14 000008b6H .idata$6                DATA
 0003:00000000 00002760H .data                   DATA
 0003:00002760 02a26880H .bss                    DATA
 0004:00000000 00000120H .rsrc$01                DATA
 0004:00000120 00000558H .rsrc$02                DATA

  Address         Publics by Value              Rva+Base       Lib:Object

 0000:00000000       ___safe_se_handler_table   00000000     <absolute>
 0000:00000000       ___safe_se_handler_count   00000000     <absolute>
 0000:00000000       ___guard_iat_count         00000000     <absolute>
 0000:00000000       ___volatile_metadata       00000000     <absolute>
 0000:00000000       ___guard_fids_count        00000000     <absolute>
 0000:00000000       ___guard_longjmp_table     00000000     <absolute>
 0000:00000000       ___guard_iat_table         00000000     <absolute>
 0000:00000000       ___hybrid_code_map_count   00000000     <absolute>
 0000:00000000       ___enclave_config          00000000     <absolute>
 0000:00000000       ___guard_fids_table        00000000     <absolute>
 0000:00000000       ___guard_longjmp_count     00000000     <absolute>
 0000:00000000       ___hybrid_auxiliary_iat    00000000     <absolute>
 0000:00000000       ___hybrid_code_map         00000000     <absolute>
 0000:00000000       ___dynamic_value_reloc_table 00000000     <absolute>
 0000:00000100       ___guard_flags             00000100     <absolute>
 0000:00000000       ___ImageBase               00400000     <linker-defined>
 0001:00000000       ___local_stdio_printf_options 00401000 f i bothtools.obj
 0001:00000010       _snprintf                  00401010 f i central.obj
 0001:00000050       ___local_stdio_scanf_options 00401050 f i pr2_vm.obj
 0001:00000060       _sscanf                    00401060 f i pr2_vm.obj
 0001:00000090       _fprintf                   00401090 f i pr_edict.obj
 0001:000000c0       _fscanf                    004010c0 f i sv_login.obj
 0001:000000f0       _printf                    004010f0 f i sv_sys_win.obj
 0001:00000130       @__security_check_cookie@4 00401130 f   MSVCRTD:secchk.obj
 0001:00000150       ___raise_securityfailure   00401150 f   MSVCRTD:gs_report.obj
 0001:00000180       ___report_gsfailure        00401180 f   MSVCRTD:gs_report.obj
 0001:00000290       ___report_rangecheckfailure 00401290 f   MSVCRTD:gs_report.obj
 0001:000002a0       ___report_securityfailure  004012a0 f   MSVCRTD:gs_report.obj
 0001:00000690       ?configure_argv@__scrt_narrow_argv_policy@@SAHXZ 00401690 f i MSVCRTD:exe_main.obj
 0001:000006b0       ?initialize_environment@__scrt_narrow_environment_policy@@SAHXZ 004016b0 f i MSVCRTD:exe_main.obj
 0001:000006f0       ?set_app_type@__scrt_main_policy@@SAXXZ 004016f0 f i MSVCRTD:exe_main.obj
 0001:00000700       ?set_commode@__scrt_file_policy@@SAXXZ 00401700 f i MSVCRTD:exe_main.obj
 0001:00000720       ?set_fmode@__scrt_file_policy@@SAXXZ 00401720 f i MSVCRTD:exe_main.obj
 0001:00000740       _mainCRTStartup            00401740 f   MSVCRTD:exe_main.obj
 0001:00000750       ??$__crt_fast_decode_pointer@PAP6AXXZ@@YAPAP6AXXZQAP6AXXZ@Z 00401750 f i MSVCRTD:utility.obj
 0001:00000780       ??$__crt_fast_encode_pointer@PAP6AXXZ@@YAPAP6AXXZQAP6AXXZ@Z 00401780 f i MSVCRTD:utility.obj
 0001:000007b0       ?__crt_rotate_pointer_value@@YAIIH@Z 004017b0 f i MSVCRTD:utility.obj
 0001:000008c0       _NtCurrentTeb              004018c0 f i MSVCRTD:utility.obj
 0001:000008d0       ___scrt_acquire_startup_lock 004018d0 f   MSVCRTD:utility.obj
 0001:00000920       ___scrt_initialize_crt     00401920 f   MSVCRTD:utility.obj
 0001:00000970       ___scrt_initialize_onexit_tables 00401970 f   MSVCRTD:utility.obj
 0001:00000a50       ___scrt_is_nonwritable_in_current_image 00401a50 f   MSVCRTD:utility.obj
 0001:00000b80       ___scrt_release_startup_lock 00401b80 f   MSVCRTD:utility.obj
 0001:00000bb0       ___scrt_uninitialize_crt   00401bb0 f   MSVCRTD:utility.obj
 0001:00000bf0       __onexit                   00401bf0 f   MSVCRTD:utility.obj
 0001:00000c60       _atexit                    00401c60 f   MSVCRTD:utility.obj
 0001:00000d00       ___security_init_cookie    00401d00 f   MSVCRTD:gs_support.obj
 0001:00000d80       __get_startup_thread_locale_mode 00401d80 f   MSVCRTD:thread_locale.obj
 0001:00000d80       ___scrt_stub_for_initialize_mta 00401d80 f   MSVCRTD:utility_desktop.obj
 0001:00000d80       __matherr                  00401d80 f   MSVCRTD:matherr.obj
 0001:00000d80       __get_startup_commit_mode  00401d80 f   MSVCRTD:commit_mode.obj
 0001:00000d80       __get_startup_new_mode     00401d80 f   MSVCRTD:new_mode.obj
 0001:00000d80       ___scrt_initialize_winrt   00401d80 f   MSVCRTD:utility_desktop.obj
 0001:00000d80       ___scrt_exe_initialize_mta 00401d80 f   MSVCRTD:utility_desktop.obj
 0001:00000d90       __get_startup_argv_mode    00401d90 f   MSVCRTD:argv_mode.obj
 0001:00000da0       __get_startup_file_mode    00401da0 f   MSVCRTD:file_mode.obj
 0001:00000db0       ?__scrt_initialize_type_info@@YAXXZ 00401db0 f   MSVCRTD:tncleanup.obj
 0001:00000dc0       __should_initialize_environment 00401dc0 f   MSVCRTD:env_mode.obj
 0001:00000dc0       ___vcrt_uninitialize       00401dc0 f   MSVCRTD:ucrt_stubs.obj
 0001:00000dc0       ___vcrt_initialize         00401dc0 f   MSVCRTD:ucrt_stubs.obj
 0001:00000dc0       ___acrt_uninitialize       00401dc0 f   MSVCRTD:ucrt_stubs.obj
 0001:00000dc0       ___scrt_stub_for_acrt_initialize 00401dc0 f   MSVCRTD:ucrt_stubs.obj
 0001:00000dc0       ___scrt_stub_for_acrt_uninitialize 00401dc0 f   MSVCRTD:ucrt_stubs.obj
 0001:00000dc0       ___acrt_initialize         00401dc0 f   MSVCRTD:ucrt_stubs.obj
 0001:00000dd0       __initialize_default_precision 00401dd0 f   MSVCRTD:default_precision.obj
 0001:00000e00       __initialize_denormal_control 00401e00 f   MSVCRTD:denormal_control.obj
 0001:00000e00       __initialize_invalid_parameter_handler 00401e00 f   MSVCRTD:invalid_parameter_handler.obj
 0001:00000e10       ___scrt_initialize_default_local_stdio_options 00401e10 f   MSVCRTD:default_local_stdio_options.obj
 0001:00000e50       ___scrt_is_user_matherr_present 00401e50 f   MSVCRTD:matherr_detection.obj
 0001:00000e80       ___scrt_get_dyn_tls_init_callback 00401e80 f   MSVCRTD:dyn_tls_init.obj
 0001:00000e90       ___scrt_get_dyn_tls_dtor_callback 00401e90 f   MSVCRTD:dyn_tls_dtor.obj
 0001:00000ea0       ___scrt_fastfail           00401ea0 f   MSVCRTD:utility_desktop.obj
 0001:00000fe0       ___scrt_initialize_mta     00401fe0 f   MSVCRTD:utility_desktop.obj
 0001:00000ff0       ___scrt_is_managed_app     00401ff0 f   MSVCRTD:utility_desktop.obj
 0001:00001080       ___scrt_set_unhandled_exception_filter 00402080 f   MSVCRTD:utility_desktop.obj
 0001:00001090       ___scrt_unhandled_exception_filter@4 00402090 f   MSVCRTD:utility_desktop.obj
 0001:000010f0       __crt_debugger_hook        004020f0 f   MSVCRTD:utility_desktop.obj
 0001:00001100       __RTC_Initialize           00402100 f   MSVCRTD:initsect.obj
 0001:00001130       __RTC_Terminate            00402130 f   MSVCRTD:initsect.obj
 0001:00001160       __except_handler4          00402160 f   MSVCRTD:chandler4gs.obj
 0001:00001190       @_guard_check_icall_nop@4  00402190 f i MSVCRTD:guard_support.obj
 0001:000011a0       ___isa_available_init      004021a0 f   MSVCRTD:cpu_disp.obj
 0001:00001480       ___scrt_is_ucrt_dll_in_use 00402480 f   MSVCRTD:ucrt_detection.obj
 0001:000014a4       _memset                    004024a4 f   vcruntimed:VCRUNTIME140D.dll
 0001:000014aa       __except_handler4_common   004024aa f   vcruntimed:VCRUNTIME140D.dll
 0001:000014b0       _malloc                    004024b0 f   ucrtd:ucrtbased.dll
 0001:000014b6       _free                      004024b6 f   ucrtd:ucrtbased.dll
 0001:000014bc       _exit                      004024bc f   ucrtd:ucrtbased.dll
 0001:000014c2       __seh_filter_exe           004024c2 f   ucrtd:ucrtbased.dll
 0001:000014c8       __set_app_type             004024c8 f   ucrtd:ucrtbased.dll
 0001:000014ce       ___setusermatherr          004024ce f   ucrtd:ucrtbased.dll
 0001:000014d4       __configure_narrow_argv    004024d4 f   ucrtd:ucrtbased.dll
 0001:000014da       __initialize_narrow_environment 004024da f   ucrtd:ucrtbased.dll
 0001:000014e0       __get_initial_narrow_environment 004024e0 f   ucrtd:ucrtbased.dll
 0001:000014e6       __initterm                 004024e6 f   ucrtd:ucrtbased.dll
 0001:000014ec       __initterm_e               004024ec f   ucrtd:ucrtbased.dll
 0001:000014f2       __exit                     004024f2 f   ucrtd:ucrtbased.dll
 0001:000014f8       __set_fmode                004024f8 f   ucrtd:ucrtbased.dll
 0001:000014fe       ___p___argc                004024fe f   ucrtd:ucrtbased.dll
 0001:00001504       ___p___argv                00402504 f   ucrtd:ucrtbased.dll
 0001:0000150a       __cexit                    0040250a f   ucrtd:ucrtbased.dll
 0001:00001510       __c_exit                   00402510 f   ucrtd:ucrtbased.dll
 0001:00001516       __register_thread_local_exe_atexit_callback 00402516 f   ucrtd:ucrtbased.dll
 0001:0000151c       __configthreadlocale       0040251c f   ucrtd:ucrtbased.dll
 0001:00001522       __set_new_mode             00402522 f   ucrtd:ucrtbased.dll
 0001:00001528       ___p__commode              00402528 f   ucrtd:ucrtbased.dll
 0001:0000152e       __initialize_onexit_table  0040252e f   ucrtd:ucrtbased.dll
 0001:00001534       __register_onexit_function 00402534 f   ucrtd:ucrtbased.dll
 0001:0000153a       __crt_atexit               0040253a f   ucrtd:ucrtbased.dll
 0001:00001540       __controlfp_s              00402540 f   ucrtd:ucrtbased.dll
 0001:00001546       _terminate                 00402546 f   ucrtd:ucrtbased.dll
 0001:0000154c       _IsProcessorFeaturePresent@4 0040254c f   kernel32:KERNEL32.dll
 0001:00001560       _wildcmp                   00402560 f   bothtools.obj
 0001:000015f0       _AdjustAngle               004025f0 f   bothtools.obj
 0001:00001640       _COM_DefaultExtension      00402640 f   bothtools.obj
 0001:000016c0       _COM_StripExtension        004026c0 f   bothtools.obj
 0001:000016e0       _Q_strdup                  004026e0 f   bothtools.obj
 0001:00001710       _Q_calloc                  00402710 f   bothtools.obj
 0001:00001730       _Q_malloc                  00402730 f   bothtools.obj
 0001:00001770       _LongSwap                  00402770 f   bothtools.obj
 0001:000017a0       _ShortSwap                 004027a0 f   bothtools.obj
 0001:000017c0       _strlcat                   004027c0 f   bothtools.obj
 0001:00001830       _strlcpy                   00402830 f   bothtools.obj
 0001:00001870       _Q_atof                    00402870 f   bothtools.obj
 0001:00001a80       _Q_atoi                    00402a80 f   bothtools.obj
 0001:00001b70       _va                        00402b70 f   bothtools.obj
 0001:00001bd0       _Central_Init              00402bd0 f   central.obj
 0001:00001c40       _Central_Shutdown          00402c40 f   central.obj
 0001:00001c70       _Central_ProcessResponses  00402c70 f   central.obj
 0001:00002650       _Central_GenerateChallenge 00403650 f   central.obj
 0001:00002750       _Central_VerifyChallengeResponse 00403750 f   central.obj
 0001:00002960       _Web_PostResponse          00403960 f   central.obj
 0001:00002c00       _Auth_ProcessLoginAttempt  00403c00 f   central.obj
 0001:00002fb0       _Auth_GenerateChallengeResponse 00403fb0 f   central.obj
 0001:00003340       _Web_StandardTokenWrite    00404340 f   central.obj
 0001:00003430       _Cmd_Init                  00404430 f   cmd.obj
 0001:000034b0       _Cmd_If_f                  004044b0 f   cmd.obj
 0001:00003d00       _Cmd_ExecuteString         00404d00 f   cmd.obj
 0001:00004120       _Cmd_ExpandString          00405120 f   cmd.obj
 0001:00004520       _Cmd_Exists                00405520 f   cmd.obj
 0001:00004590       _Cmd_TokenizeString        00405590 f   cmd.obj
 0001:00004680       _Cmd_Args                  00405680 f   cmd.obj
 0001:000046a0       _Cmd_UnAliasAll_f          004056a0 f   cmd.obj
 0001:00004720       _Cmd_UnAlias_f             00405720 f   cmd.obj
 0001:00004870       _Cmd_DeleteAlias           00405870 f   cmd.obj
 0001:00004960       _Cmd_Alias_f               00405960 f   cmd.obj
 0001:00004be0       _Cmd_Echo_f                00405be0 f   cmd.obj
 0001:00004c30       _Cmd_Exec_f                00405c30 f   cmd.obj
 0001:00004db0       _Cmd_StuffCmds_f           00405db0 f   cmd.obj
 0001:000050b0       _Cbuf_ExecuteEx            004060b0 f   cmd.obj
 0001:00005260       _Cbuf_InsertTextEx         00406260 f   cmd.obj
 0001:00005330       _Cbuf_AddTextEx            00406330 f   cmd.obj
 0001:000053f0       _Cbuf_Init                 004063f0 f   cmd.obj
 0001:00005410       _Cbuf_Execute              00406410 f   cmd.obj
 0001:000055c0       _Cbuf_InsertText           004065c0 f   cmd.obj
 0001:00005690       _Cbuf_AddText              00406690 f   cmd.obj
 0001:00005750       _Cmd_Wait_f                00406750 f   cmd.obj
 0001:00005770       _Cmd_AddCommand            00406770 f   cmd.obj
 0001:00005830       _Cmd_Argc                  00406830 f   cmd.obj
 0001:00005840       _Cmd_Argv                  00406840 f   cmd.obj
 0001:00005860       _CM_Init                   00406860 f   cmodel.obj
 0001:000059c0       _CM_InlineModel            004069c0 f   cmodel.obj
 0001:00005a10       _CM_LoadMap                00406a10 f   cmodel.obj
 0001:00006570       _CM_InvalidateMap          00407570 f   cmodel.obj
 0001:000076f0       _CM_FindTouchedLeafs       004086f0 f   cmodel.obj
 0001:00007b20       _CM_FatPVS                 00408b20 f   cmodel.obj
 0001:00007d00       _CM_LeafPHS                00408d00 f   cmodel.obj
 0001:00007d40       _CM_LeafPVS                00408d40 f   cmodel.obj
 0001:00007d80       _CM_PointInLeaf            00408d80 f   cmodel.obj
 0001:00007e00       _CM_Leafnum                00408e00 f   cmodel.obj
 0001:00007e20       _CM_EntityString           00408e20 f   cmodel.obj
 0001:00007e30       _CM_NumInlineModels        00408e30 f   cmodel.obj
 0001:00007e40       _CM_HullTrace              00408e40 f   cmodel.obj
 0001:00007f20       _RecursiveHullTrace        00408f20 f   cmodel.obj
 0001:00008360       _CM_HullPointContents      00409360 f   cmodel.obj
 0001:00008410       _CM_HullForBox             00409410 f   cmodel.obj
 0001:000085c0       _Q_namecmp                 004095c0 f   common.obj
 0001:00008640       _COM_FileExists            00409640 f   common.obj
 0001:00008670       _Com_TranslateMapChecksum  00409670 f   common.obj
 0001:000086d0       _Q_yelltext                004096d0 f   common.obj
 0001:00008710       _Q_redtext                 00409710 f   common.obj
 0001:00008740       _Q_normalizetext           00409740 f   common.obj
 0001:00008a00       _COM_BlockSequenceCRCByte  00409a00 f   common.obj
 0001:00008ac0       _Info_CopyStar             00409ac0 f   common.obj
 0001:00008b10       _Info_ReverseConvert       00409b10 f   common.obj
 0001:00008bb0       _Info_Convert              00409bb0 f   common.obj
 0001:00008ce0       _Info_RemoveAll            00409ce0 f   common.obj
 0001:00008d60       _Info_Remove               00409d60 f   common.obj
 0001:00008e90       _Info_Set                  00409e90 f   common.obj
 0001:00008f60       _Info_Print                00409f60 f   common.obj
 0001:00009080       _Info_SetValueForKey       0040a080 f   common.obj
 0001:000090a0       _Info_SetValueForStarKey   0040a0a0 f   common.obj
 0001:000092c0       _Info_RemovePrefixedKeys   0040a2c0 f   common.obj
 0001:00009390       _Info_RemoveKey            0040a390 f   common.obj
 0001:000094c0       _Info_ValueForKey          0040a4c0 f   common.obj
 0001:000095b0       _COM_Argv                  0040a5b0 f   common.obj
 0001:000095d0       _COM_Argc                  0040a5d0 f   common.obj
 0001:000095e0       _COM_CheckParm             0040a5e0 f   common.obj
 0001:00009650       _COM_InitArgv              0040a650 f   common.obj
 0001:000096b0       _COM_ParseToken            0040a6b0 f   common.obj
 0001:000097e0       _SZ_Print                  0040a7e0 f   common.obj
 0001:00009830       _SZ_Write                  0040a830 f   common.obj
 0001:00009850       _SZ_GetSpace               0040a850 f   common.obj
 0001:000098c0       _SZ_Clear                  0040a8c0 f   common.obj
 0001:000098d0       _SZ_Init                   0040a8d0 f   common.obj
 0001:000098f0       _SZ_InitEx                 0040a8f0 f   common.obj
 0001:00009910       _MSG_ReadSkip              0040a910 f   common.obj
 0001:00009940       _MSG_ReadData              0040a940 f   common.obj
 0001:00009990       _MSG_ReadDeltaUsercmd      0040a990 f   common.obj
 0001:00009c40       _MSG_ReadAngle16           0040ac40 f   common.obj
 0001:00009ca0       _MSG_ReadCoord             0040aca0 f   common.obj
 0001:00009d00       _MSG_ReadStringLine        0040ad00 f   common.obj
 0001:00009d80       _MSG_ReadString            0040ad80 f   common.obj
 0001:00009e00       _MSG_ReadLong              0040ae00 f   common.obj
 0001:00009e60       _MSG_ReadShort             0040ae60 f   common.obj
 0001:00009eb0       _MSG_ReadByte              0040aeb0 f   common.obj
 0001:00009ee0       _MSG_GetReadCount          0040aee0 f   common.obj
 0001:00009ef0       _MSG_BeginReading          0040aef0 f   common.obj
 0001:00009f10       _MSG_WriteDeltaUsercmd     0040af10 f   common.obj
 0001:0000a1a0       _MSG_WriteAngle16          0040b1a0 f   common.obj
 0001:0000a1f0       _MSG_WriteAngle            0040b1f0 f   common.obj
 0001:0000a2a0       _MSG_WriteLongCoord        0040b2a0 f   common.obj
 0001:0000a2c0       _MSG_WriteCoord            0040b2c0 f   common.obj
 0001:0000a360       _MSG_WriteString           0040b360 f   common.obj
 0001:0000a3b0       _MSG_WriteFloat            0040b3b0 f   common.obj
 0001:0000a3d0       _MSG_WriteLong             0040b3d0 f   common.obj
 0001:0000a400       _MSG_WriteShort            0040b400 f   common.obj
 0001:0000a420       _MSG_WriteByte             0040b420 f   common.obj
 0001:0000a440       _MSG_WriteChar             0040b440 f   common.obj
 0001:0000a460       _MSG_ToCoord               0040b460 f   common.obj
 0001:0000a4e0       _MSG_FromCoord             0040b4e0 f   common.obj
 0001:0000a520       _COM_Parse                 0040b520 f   common.obj
 0001:0000a600       _Q_glob_match              0040b600 f   common.obj
 0001:0000a700       _Com_HashKey               0040b700 f   common.obj
 0001:0000a740       _Info_SetStar              0040b740 f   common.obj
 0001:0000a9e0       _Info_Get                  0040b9e0 f   common.obj
 0001:0000aa80       _CRC_AddBlock              0040ba80 f   crc.obj
 0001:0000aac0       _CRC_ProcessByte           0040bac0 f   crc.obj
 0001:0000aae0       _CRC_Init                  0040bae0 f   crc.obj
 0001:0000aaf0       _CRC_Block                 0040baf0 f   crc.obj
 0001:0000ab30       _Cvar_Init                 0040bb30 f   cvar.obj
 0001:0000ab80       _Cvar_Inc_f                0040bb80 f   cvar.obj
 0001:0000ac30       _Cvar_Set_f                0040bc30 f   cvar.obj
 0001:0000acc0       _Cvar_Create               0040bcc0 f   cvar.obj
 0001:0000af50       _Cvar_Toggle_f             0040bf50 f   cvar.obj
 0001:0000afc0       _Cvar_SetValueByName       0040bfc0 f   cvar.obj
 0001:0000b040       _Cvar_SetValue             0040c040 f   cvar.obj
 0001:0000b1c0       _Cvar_SetByName            0040c1c0 f   cvar.obj
 0001:0000b1f0       _Cvar_Set                  0040c1f0 f   cvar.obj
 0001:0000b2f0       _Cvar_String               0040c2f0 f   cvar.obj
 0001:0000b310       _Cvar_Value                0040c310 f   cvar.obj
 0001:0000b330       _Cvar_GetFlags             0040c330 f   cvar.obj
 0001:0000b340       _Cvar_Next                 0040c340 f   cvar.obj
 0001:0000b350       _Cvar_SetROM               0040c350 f   cvar.obj
 0001:0000b370       _Cvar_Find                 0040c370 f   cvar.obj
 0001:0000b3d0       _Cvar_Command              0040c3d0 f   cvar.obj
 0001:0000b510       _Cvar_Register             0040c510 f   cvar.obj
 0001:0000b5f0       _FS_NextPath               0040c5f0 f   fs.obj
 0001:0000b7c0       _FS_CreatePath             0040c7c0 f   fs.obj
 0001:0000b810       _FS_FileLength             0040c810 f   fs.obj
 0001:0000b850       _VFS_COPYPROTECTED         0040c850 f   fs.obj
 0001:0000b860       _VFS_WRITE                 0040c860 f   fs.obj
 0001:0000b890       _VFS_READ                  0040c890 f   fs.obj
 0001:0000b8c0       _VFS_SEEK                  0040c8c0 f   fs.obj
 0001:0000b8f0       _VFS_GETLEN                0040c8f0 f   fs.obj
 0001:0000b910       _VFS_TELL                  0040c910 f   fs.obj
 0001:0000b930       _VFS_CLOSE                 0040c930 f   fs.obj
 0001:0000b950       _VFS_CHECKCALL             0040c950 f   fs.obj
 0001:0000b970       _FS_OpenVFS                0040c970 f   fs.obj
 0001:0000bc50       _FS_ShutDown               0040cc50 f   fs.obj
 0001:0000bcb0       _FS_Init                   0040ccb0 f   fs.obj
 0001:0000bce0       _FS_InitEx                 0040cce0 f   fs.obj
 0001:0000bf10       _FS_InitModule             0040cf10 f   fs.obj
 0001:0000bf30       _FS_SetGamedir             0040cf30 f   fs.obj
 0001:0000c6a0       _FS_FLocateFile            0040d6a0 f   fs.obj
 0001:0000c920       _FS_FlushFSHash            0040d920 f   fs.obj
 0001:0000cac0       _FS_FileBase               0040dac0 f   fs.obj
 0001:0000cb80       _FS_LoadTempFile           0040db80 f   fs.obj
 0001:0000cba0       _FS_LoadHunkFile           0040dba0 f   fs.obj
 0001:0000cbc0       _FS_UnsafeFilename         0040dbc0 f   fs.obj
 0001:0000cbf0       _Hash_AddInsensitive       0040dbf0 f   hash.obj
 0001:0000cc80       _Hash_KeyInsensitive       0040dc80 f   hash.obj
 0001:0000ccd0       _Hash_Flush                0040dcd0 f   hash.obj
 0001:0000cd40       _Hash_GetInsensitive       0040dd40 f   hash.obj
 0001:0000cd90       _Hash_InitTable            0040dd90 f   hash.obj
 0001:0000ce00       _FSOS_ReadFile             0040de00 f   vfs_os.obj
 0001:0000d060       _FSOS_OpenVFS              0040e060 f   vfs_os.obj
 0001:0000d1e0       _VFSOS_Open                0040e1e0 f   vfs_os.obj
 0001:0000db90       _VectorNormalize           0040eb90 f   mathlib.obj
 0001:0000dc30       _VectorLength              0040ec30 f   mathlib.obj
 0001:0000dc70       _CrossProduct              0040ec70 f   mathlib.obj
 0001:0000dcd0       _VectorMA                  0040ecd0 f   mathlib.obj
 0001:0000dd10       _AngleVectors              0040ed10 f   mathlib.obj
 0001:0000dee0       _BOPS_Error                0040eee0 f   mathlib.obj
 0001:0000def0       _RotatePointAroundVector   0040eef0 f   mathlib.obj
 0001:0000e330       _VectorVectors             0040f330 f   mathlib.obj
 0001:0000e4d0       _PerpendicularVector       0040f4d0 f   mathlib.obj
 0001:0000e5f0       _anglemod                  0040f5f0 f   mathlib.obj
 0001:0000e620       _BoxOnPlaneSide            0040f620 f   mathlib.obj
 0001:0000e8f0       _Com_BlockFullChecksum     0040f8f0 f   md4.obj
 0001:0000eeb0       _MD4Final                  0040feb0 f   md4.obj
 0001:0000ef90       _MD4Update                 0040ff90 f   md4.obj
 0001:0000f040       _MD4Init                   00410040 f   md4.obj
 0001:0000f070       _Com_BlockChecksum         00410070 f   md4.obj
 0001:0000f0f0       _NET_CloseServer           004100f0 f   net.obj
 0001:0000f150       _NET_InitServer            00410150 f   net.obj
 0001:0000f390       _NET_InitServer_TCP        00410390 f   net.obj
 0001:0000f410       _NET_Init                  00410410 f   net.obj
 0001:0000f490       _NET_GetLocalAddress       00410490 f   net.obj
 0001:0000f5c0       _NET_Sleep                 004105c0 f   net.obj
 0001:0000f660       _UDP_OpenSocket            00410660 f   net.obj
 0001:0000f7e0       _TCP_OpenListenSocket      004107e0 f   net.obj
 0001:0000f9b0       _TCP_Set_KEEPALIVE         004109b0 f   net.obj
 0001:0000fa20       _NET_SendPacket            00410a20 f   net.obj
 0001:0000fa50       _NET_SendPacketEx          00410a50 f   net.obj
 0001:0000fcb0       _NET_SendUDPPacket         00410cb0 f   net.obj
 0001:0000fdb0       _NET_SendTCPPacket_SV      00410db0 f   net.obj
 0001:0000ff60       _NET_GetPacket             00410f60 f   net.obj
 0001:00010100       _NET_GetPacketEx           00411100 f   net.obj
 0001:00010130       _NET_GetTCPPacket_SV       00411130 f   net.obj
 0001:00010440       _NET_GetUDPPacket          00411440 f   net.obj
 0001:000105e0       _sv_tcp_connection_count   004115e0 f   net.obj
 0001:00010660       _sv_tcp_connection_new     00411660 f   net.obj
 0001:00010710       _NET_StringToAdr           00411710 f   net.obj
 0001:00010870       _NET_BaseAdrToString       00411870 f   net.obj
 0001:00010910       _NET_AdrToString           00411910 f   net.obj
 0001:000109b0       _NET_CompareAdr            004119b0 f   net.obj
 0001:00010a60       _NET_CompareBaseAdr        00411a60 f   net.obj
 0001:00010af0       _SockadrToNetadr           00411af0 f   net.obj
 0001:00010b10       _NetadrToSockadr           00411b10 f   net.obj
 0001:00010b30       _NET_GetSocket             00411b30 f   net.obj
 0001:00010b50       _NET_UDPSVPort             00411b50 f   net.obj
 0001:00010b80       _Netchan_Process           00411b80 f   net_chan.obj
 0001:00010df0       _Netchan_Transmit          00411df0 f   net_chan.obj
 0001:000110f0       _Netchan_CanReliable       004120f0 f   net_chan.obj
 0001:00011120       _Netchan_CanPacket         00412120 f   net_chan.obj
 0001:00011140       _Netchan_Setup             00412140 f   net_chan.obj
 0001:000111f0       _Netchan_OutOfBandPrint    004121f0 f   net_chan.obj
 0001:00011280       _Netchan_OutOfBand         00412280 f   net_chan.obj
 0001:00011330       _Netchan_Init              00412330 f   net_chan.obj
 0001:00011350       _PM_PlayerMove             00412350 f   pmove.obj
 0001:00012ca0       _PM_CategorizePosition     00413ca0 f   pmove.obj
 0001:00014bc0       _PM_PointContents_AllBSPs  00415bc0 f   pmovetst.obj
 0001:00014d50       _PM_TestPlayerPosition     00415d50 f   pmovetst.obj
 0001:00014ee0       _PM_PointContents          00415ee0 f   pmovetst.obj
 0001:00014f00       _PM_PlayerTrace            00415f00 f   pmovetst.obj
 0001:00015560       _PR2_InitProg              00416560 f   pr2_cmds.obj
 0001:00015740       _sv_sys_callex             00416740 f   pr2_cmds.obj
 0001:00015780       _sv_syscall                00416780 f   pr2_cmds.obj
 0001:00015830       _PF2_SetUserInfo           00416830 f   pr2_cmds.obj
 0001:00015c30       _PF2_setpause              00416c30 f   pr2_cmds.obj
 0001:00015c50       _PF2_makevectors           00416c50 f   pr2_cmds.obj
 0001:00015cd0       _PF2_QVMstrftime           00416cd0 f   pr2_cmds.obj
 0001:00015e00       _PF2_SetBotCMD             00416e00 f   pr2_cmds.obj
 0001:00015ef0       _PF2_SetBotUserInfo        00416ef0 f   pr2_cmds.obj
 0001:00016130       _PF2_Remove_Bot            00417130 f   pr2_cmds.obj
 0001:00016180       _RemoveBot                 00417180 f   pr2_cmds.obj
 0001:00016220       _PF2_Add_Bot               00417220 f   pr2_cmds.obj
 0001:000168a0       _PF2_strlcat               004178a0 f   pr2_cmds.obj
 0001:00016950       _PF2_strlcpy               00417950 f   pr2_cmds.obj
 0001:00016a30       _PF2_strnicmp              00417a30 f   pr2_cmds.obj
 0001:00016ae0       _PF2_stricmp               00417ae0 f   pr2_cmds.obj
 0001:00016b90       _PF2_strncmp               00417b90 f   pr2_cmds.obj
 0001:00016c40       _PF2_strcmp                00417c40 f   pr2_cmds.obj
 0001:00016d10       _PF2_Map_Extension         00417d10 f   pr2_cmds.obj
 0001:00016d30       _PF2_FS_GetFileList        00417d30 f   pr2_cmds.obj
 0001:000170f0       _PR2_FS_Restart            004180f0 f   pr2_cmds.obj
 0001:00017170       _PF2_FS_ReadFile           00418170 f   pr2_cmds.obj
 0001:000171e0       _PF2_FS_WriteFile          004181e0 f   pr2_cmds.obj
 0001:00017260       _PF2_FS_TellFile           00418260 f   pr2_cmds.obj
 0001:000172a0       _PF2_FS_SeekFile           004182a0 f   pr2_cmds.obj
 0001:000172f0       _PF2_FS_CloseFile          004182f0 f   pr2_cmds.obj
 0001:00017330       _PF2_FS_OpenFile           00418330 f   pr2_cmds.obj
 0001:000175a0       _PF2_acos                  004185a0 f   pr2_cmds.obj
 0001:000175c0       _PF2_ceil                  004185c0 f   pr2_cmds.obj
 0001:000175f0       _PF2_floor                 004185f0 f   pr2_cmds.obj
 0001:00017620       _PF2_sqrt                  00418620 f   pr2_cmds.obj
 0001:00017650       _PF2_atan2                 00418650 f   pr2_cmds.obj
 0001:00017690       _PF2_cos                   00418690 f   pr2_cmds.obj
 0001:000176b0       _PF2_sin                   004186b0 f   pr2_cmds.obj
 0001:000176d0       _PF2_strncpy               004186d0 f   pr2_cmds.obj
 0001:00017780       _PF2_memcpy                00418780 f   pr2_cmds.obj
 0001:00017830       _PF2_memset                00418830 f   pr2_cmds.obj
 0001:000178a0       _PF2_fixme                 004188a0 f   pr2_cmds.obj
 0001:000178b0       _PF2_tokenize              004188b0 f   pr2_cmds.obj
 0001:00017910       _PF2_cmdargs               00418910 f   pr2_cmds.obj
 0001:000179b0       _PF2_cmdargv               004189b0 f   pr2_cmds.obj
 0001:00017a60       _PF2_cmdargc               00418a60 f   pr2_cmds.obj
 0001:00017a70       _PR2_FlushSignon           00418a70 f   pr2_cmds.obj
 0001:00017a80       _PF2_disable_updates       00418a80 f   pr2_cmds.obj
 0001:00017ac0       _PF2_multicast             00418ac0 f   pr2_cmds.obj
 0001:00017b00       _PF2_infokey               00418b00 f   pr2_cmds.obj
 0001:00018150       _PF2_logfrag               00419150 f   pr2_cmds.obj
 0001:00018270       _PF2_changelevel           00419270 f   pr2_cmds.obj
 0001:000184a0       _PF2_setspawnparms         004194a0 f   pr2_cmds.obj
 0001:00018520       _PF2_makestatic            00419520 f   pr2_cmds.obj
 0001:000185f0       _PF2_WriteEntity           004195f0 f   pr2_cmds.obj
 0001:000186a0       _PF2_WriteString           004196a0 f   pr2_cmds.obj
 0001:000187c0       _PF2_WriteCoord            004197c0 f   pr2_cmds.obj
 0001:00018870       _PF2_WriteAngle            00419870 f   pr2_cmds.obj
 0001:00018920       _PF2_WriteLong             00419920 f   pr2_cmds.obj
 0001:000189f0       _PF2_WriteShort            004199f0 f   pr2_cmds.obj
 0001:00018aa0       _PF2_WriteChar             00419aa0 f   pr2_cmds.obj
 0001:00018b40       _PF2_WriteByte             00419b40 f   pr2_cmds.obj
 0001:00018c40       _WriteDest2                00419c40 f   pr2_cmds.obj
 0001:00018cb0       _PF2_Find                  00419cb0 f   pr2_cmds.obj
 0001:00018e80       _PF2_nextclient            00419e80 f   pr2_cmds.obj
 0001:00018f80       _PF2_nextent               00419f80 f   pr2_cmds.obj
 0001:00018ff0       _PF2_pointcontents         00419ff0 f   pr2_cmds.obj
 0001:00019060       _PF2_checkbottom           0041a060 f   pr2_cmds.obj
 0001:000190a0       _PF2_lightstyle            0041a0a0 f   pr2_cmds.obj
 0001:00019230       _PF2_droptofloor           0041a230 f   pr2_cmds.obj
 0001:00019390       _PF2_MoveToGoal            0041a390 f   pr2_cmds.obj
 0001:00019480       _PF2_walkmove              0041a480 f   pr2_cmds.obj
 0001:00019580       _PF2_FindRadius            0041a580 f   pr2_cmds.obj
 0001:000197f0       _PF2_cvar_set_float        0041a7f0 f   pr2_cmds.obj
 0001:000198d0       _PF2_cvar_set              0041a8d0 f   pr2_cmds.obj
 0001:00019990       _PF2_cvar_string           0041a990 f   pr2_cmds.obj
 0001:00019a00       _PF2_cvar                  0041aa00 f   pr2_cmds.obj
 0001:00019a80       _PF2_redirectcmd           0041aa80 f   pr2_cmds.obj
 0001:0001a070       _PF2_readcmd               0041b070 f   pr2_cmds.obj
 0001:0001a5a0       _PF2_executecmd            0041b5a0 f   pr2_cmds.obj
 0001:0001a770       _PF2_localcmd              0041b770 f   pr2_cmds.obj
 0001:0001a870       _PF2_stuffcmd              0041b870 f   pr2_cmds.obj
 0001:0001ab10       _PF2_checkclient           0041bb10 f   pr2_cmds.obj
 0001:0001ade0       _PF2_newcheckclient        0041bde0 f   pr2_cmds.obj
 0001:0001af60       _PF2_TraceCapsule          0041bf60 f   pr2_cmds.obj
 0001:0001b160       _PF2_traceline             0041c160 f   pr2_cmds.obj
 0001:0001b340       _PF2_sound                 0041c340 f   pr2_cmds.obj
 0001:0001b3f0       _PF2_ambientsound          0041c3f0 f   pr2_cmds.obj
 0001:0001b8a0       _PF2_centerprint           0041c8a0 f   pr2_cmds.obj
 0001:0001ba20       _PF2_sprint                0041ca20 f   pr2_cmds.obj
 0001:0001bb50       _PF2_bprint                0041cb50 f   pr2_cmds.obj
 0001:0001bbc0       _PF2_setmodel              0041cbc0 f   pr2_cmds.obj
 0001:0001bd80       _PF2_setsize               0041cd80 f   pr2_cmds.obj
 0001:0001be30       _PF2_setorigin             0041ce30 f   pr2_cmds.obj
 0001:0001beb0       _PF2_precache_vwep_model   0041ceb0 f   pr2_cmds.obj
 0001:0001bfb0       _PF2_precache_model        0041cfb0 f   pr2_cmds.obj
 0001:0001c090       _PF2_precache_sound        0041d090 f   pr2_cmds.obj
 0001:0001c170       _PF2_Remove                0041d170 f   pr2_cmds.obj
 0001:0001c1b0       _PF2_Spawn                 0041d1b0 f   pr2_cmds.obj
 0001:0001c1f0       _PF2_Error                 0041d1f0 f   pr2_cmds.obj
 0001:0001c250       _PF2_conprint              0041d250 f   pr2_cmds.obj
 0001:0001c2b0       _PF2_DPrint                0041d2b0 f   pr2_cmds.obj
 0001:0001c310       _PF2_GetEntityToken        0041d310 f   pr2_cmds.obj
 0001:0001c3c0       _PF2_GetApiVersion         0041d3c0 f   pr2_cmds.obj
 0001:0001c3d0       _PR2_CheckEmptyString      0041d3d0 f   pr2_cmds.obj
 0001:0001c3f0       _PR2_RunError              0041d3f0 f   pr2_cmds.obj
 0001:0001c4b0       _ED2_PrintEdicts           0041d4b0 f   pr2_edict.obj
 0001:0001c4d0       _ED2_PrintEdict_f          0041d4d0 f   pr2_edict.obj
 0001:0001c4f0       _ED2_FindFieldOffset       0041d4f0 f   pr2_edict.obj
 0001:0001c570       _PR2_GetEdictFieldValue    0041d570 f   pr2_edict.obj
 0001:0001c6b0       _PR2_ClearEdict            0041d6b0 f   pr2_exec.obj
 0001:0001c700       _PR2_PausedTic             0041d700 f   pr2_exec.obj
 0001:0001c750       _PR2_GameConsoleCommand    0041d750 f   pr2_exec.obj
 0001:0001c840       _PR2_LoadProgs             0041d840 f   pr2_exec.obj
 0001:0001c870       _PR2_UnLoadProgs           0041d870 f   pr2_exec.obj
 0001:0001c8b0       _PR2_GameShutDown          0041d8b0 f   pr2_exec.obj
 0001:0001c8d0       _PR2_EdictBlocked          0041d8d0 f   pr2_exec.obj
 0001:0001c900       _PR2_EdictThink            0041d900 f   pr2_exec.obj
 0001:0001c930       _PR2_EdictTouch            0041d930 f   pr2_exec.obj
 0001:0001c960       _PR2_GameSetChangeParms    0041d960 f   pr2_exec.obj
 0001:0001c9a0       _PR2_GameSetNewParms       0041d9a0 f   pr2_exec.obj
 0001:0001c9e0       _PR2_ClientSay             0041d9e0 f   pr2_exec.obj
 0001:0001cac0       _PR2_ClientKill            0041dac0 f   pr2_exec.obj
 0001:0001cb00       _PR2_ClientCmd             0041db00 f   pr2_exec.obj
 0001:0001cb30       _PR2_GameClientPostThink   0041db30 f   pr2_exec.obj
 0001:0001cb80       _PR2_GameClientPreThink    0041db80 f   pr2_exec.obj
 0001:0001cbc0       _PR2_GameStartFrame        0041dbc0 f   pr2_exec.obj
 0001:0001cc30       _PR2_LoadEnts              0041dc30 f   pr2_exec.obj
 0001:0001cc60       _PR2_SetGlobalString       0041dc60 f   pr2_exec.obj
 0001:0001ccf0       _PR2_GlobalStringLocation  0041dcf0 f   pr2_exec.obj
 0001:0001cd00       _PR2_EntityStringLocation  0041dd00 f   pr2_exec.obj
 0001:0001cd30       _PR2_Init                  0041dd30 f   pr2_exec.obj
 0001:0001ce20       _PR2_GameClientDisconnect  0041de20 f   pr2_exec.obj
 0001:0001ce70       _PR2_GameClientConnect     0041de70 f   pr2_exec.obj
 0001:0001cec0       _PR2_UserInfoChanged       0041dec0 f   pr2_exec.obj
 0001:0001cef0       _PR2_GetString             0041def0 f   pr2_exec.obj
 0001:0001cfb0       _PR2_SetEntityString       0041dfb0 f   pr2_exec.obj
 0001:0001d070       _PR2_GamePutClientInServer 0041e070 f   pr2_exec.obj
 0001:0001d0b0       _PR2_GetEntityString       0041e0b0 f   pr2_exec.obj
 0001:0001d1b0       _QVM_Exec                  0041e1b0 f   pr2_vm.obj
 0001:0001dde0       _trap_Call                 0041ede0 f   pr2_vm.obj
 0001:0001de00       _QVM_RunError              0041ee00 f   pr2_vm.obj
 0001:0001de90       _QVM_FindName              0041ee90 f   pr2_vm.obj
 0001:0001ded0       _VM_LoadBytecode           0041eed0 f   pr2_vm.obj
 0001:0001e190       _LoadMapFile               0041f190 f   pr2_vm.obj
 0001:0001e3f0       _VM_PrintInfo              0041f3f0 f   pr2_vm.obj
 0001:0001e4a0       _VM_LoadNative             0041f4a0 f   pr2_vm.obj
 0001:0001e5e0       _VM_UnloadQVM              0041f5e0 f   pr2_vm.obj
 0001:0001e5f0       _ProfileEnterFunction      0041f5f0 f   pr2_vm.obj
 0001:0001e670       _PR2_Profile_f             0041f670 f   pr2_vm.obj
 0001:0001e7a0       _VM_Unload                 0041f7a0 f   pr2_vm.obj
 0001:0001e820       _PR2_IsValidWriteAddress   0041f820 f   pr2_vm.obj
 0001:0001e860       _VM_Load                   0041f860 f   pr2_vm.obj
 0001:0001eb00       _PR2_IsValidReadAddress    0041fb00 f   pr2_vm.obj
 0001:0001eb70       _QVM_StackTrace            0041fb70 f   pr2_vm.obj
 0001:0001ece0       _VM_Call                   0041fce0 f   pr2_vm.obj
 0001:0001ed80       _VM_POINTER                0041fd80 f   pr2_vm.obj
 0001:0001ede0       _PR_InitBuiltins           0041fde0 f   pr_cmds.obj
 0001:0001ef20       _PF_Fixme                  0041ff20 f   pr_cmds.obj
 0001:0001efd0       _PF_setpause               0041ffd0 f   pr_cmds.obj
 0001:0001f010       _PF_registercvar           00420010 f   pr_cmds.obj
 0001:0001f420       _PF_bound                  00420420 f   pr_cmds.obj
 0001:0001f450       _PF_max                    00420450 f   pr_cmds.obj
 0001:0001f520       _PF_min                    00420520 f   pr_cmds.obj
 0001:0001f620       _PF_sqrt                   00420620 f   pr_cmds.obj
 0001:0001f650       _PF_cos                    00420650 f   pr_cmds.obj
 0001:0001f670       _PF_sin                    00420670 f   pr_cmds.obj
 0001:0001f690       _PF_multicast              00420690 f   pr_cmds.obj
 0001:0001f6b0       _PF_stof                   004206b0 f   pr_cmds.obj
 0001:0001f740       _PF_infokey                00420740 f   pr_cmds.obj
 0001:0001fa30       _PF_logfrag                00420a30 f   pr_cmds.obj
 0001:0001fbc0       _PF_changelevel            00420bc0 f   pr_cmds.obj
 0001:0001fce0       _PF_setspawnparms          00420ce0 f   pr_cmds.obj
 0001:0001fdd0       _PF_makestatic             00420dd0 f   pr_cmds.obj
 0001:0001fe80       _PF_WriteEntity            00420e80 f   pr_cmds.obj
 0001:00020020       _PF_WriteString            00421020 f   pr_cmds.obj
 0001:00020150       _PF_WriteCoord             00421150 f   pr_cmds.obj
 0001:00020250       _PF_WriteAngle             00421250 f   pr_cmds.obj
 0001:00020350       _PF_WriteLong              00421350 f   pr_cmds.obj
 0001:00020470       _PF_WriteShort             00421470 f   pr_cmds.obj
 0001:00020590       _PF_WriteChar              00421590 f   pr_cmds.obj
 0001:000206a0       _PF_WriteByte              004216a0 f   pr_cmds.obj
 0001:00020ea0       _NQP_Reset                 00421ea0 f   pr_cmds.obj
 0001:00020f50       _WriteDest                 00421f50 f   pr_cmds.obj
 0001:00020fd0       _PF_changeyaw              00421fd0 f   pr_cmds.obj
 0001:000210b0       _PF_aim                    004220b0 f   pr_cmds.obj
 0001:000210f0       _PF_nextent                004220f0 f   pr_cmds.obj
 0001:00021190       _PF_pointcontents          00422190 f   pr_cmds.obj
 0001:000211c0       _PF_checkbottom            004221c0 f   pr_cmds.obj
 0001:000211f0       _PF_ceil                   004221f0 f   pr_cmds.obj
 0001:00021230       _PF_floor                  00422230 f   pr_cmds.obj
 0001:00021270       _PF_rint                   00422270 f   pr_cmds.obj
 0001:000212c0       _PF_lightstyle             004222c0 f   pr_cmds.obj
 0001:00021450       _PF_droptofloor            00422450 f   pr_cmds.obj
 0001:000215a0       _PF_walkmove               004225a0 f   pr_cmds.obj
 0001:00021690       _PF_eprint                 00422690 f   pr_cmds.obj
 0001:000216f0       _PF_traceoff               004226f0 f   pr_cmds.obj
 0001:00021700       _PF_traceon                00422700 f   pr_cmds.obj
 0001:00021710       _PF_coredump               00422710 f   pr_cmds.obj
 0001:00021820       _PF_precache_model         00422820 f   pr_cmds.obj
 0001:00021900       _PF_precache_sound         00422900 f   pr_cmds.obj
 0001:000219e0       _PF_precache_file          004229e0 f   pr_cmds.obj
 0001:000219f0       _PR_CheckEmptyString       004229f0 f   pr_cmds.obj
 0001:00021a10       _PF_Find                   00422a10 f   pr_cmds.obj
 0001:00021ba0       _PF_Remove                 00422ba0 f   pr_cmds.obj
 0001:00021bc0       _PF_Spawn                  00422bc0 f   pr_cmds.obj
 0001:00021be0       _PF_vtos                   00422be0 f   pr_cmds.obj
 0001:00021c70       _PF_fabs                   00422c70 f   pr_cmds.obj
 0001:00021c90       _PF_ftos                   00422c90 f   pr_cmds.obj
 0001:00021d30       _PF_dprint                 00422d30 f   pr_cmds.obj
 0001:00021f50       _PF_cvar_set               00422f50 f   pr_cmds.obj
 0001:00022010       _PF_cvar                   00423010 f   pr_cmds.obj
 0001:00022150       _PF_calltimeofday          00423150 f   pr_cmds.obj
 0001:00022230       _PF_clear_strtbl           00423230 f   pr_cmds.obj
 0001:00022270       _PF_strunzone              00423270 f   pr_cmds.obj
 0001:000222e0       _PF_strzone                004232e0 f   pr_cmds.obj
 0001:00022450       _PF_strlen                 00423450 f   pr_cmds.obj
 0001:000224d0       _PF_strcat                 004234d0 f   pr_cmds.obj
 0001:00022540       _PF_substr                 00423540 f   pr_cmds.obj
 0001:00022620       _PF_argv                   00423620 f   pr_cmds.obj
 0001:000226a0       _PF_argc                   004236a0 f   pr_cmds.obj
 0001:000226c0       _PF_tokenize               004236c0 f   pr_cmds.obj
 0001:00022730       _PF_SetTempString          00423730 f   pr_cmds.obj
 0001:00022750       _PF_localcmd               00423750 f   pr_cmds.obj
 0001:000228b0       _PF_stuffcmd               004238b0 f   pr_cmds.obj
 0001:00022dc0       _PF_newcheckclient         00423dc0 f   pr_cmds.obj
 0001:00022f40       _PF_traceline              00423f40 f   pr_cmds.obj
 0001:000230e0       _PF_break                  004240e0 f   pr_cmds.obj
 0001:00023100       _PF_sound                  00424100 f   pr_cmds.obj
 0001:00023190       _PF_ambientsound           00424190 f   pr_cmds.obj
 0001:00023740       _PF_random                 00424740 f   pr_cmds.obj
 0001:00023770       _PF_vectoangles            00424770 f   pr_cmds.obj
 0001:000238c0       _PF_vectoyaw               004248c0 f   pr_cmds.obj
 0001:00023950       _PF_vlen                   00424950 f   pr_cmds.obj
 0001:000239a0       _PF_normalize              004249a0 f   pr_cmds.obj
 0001:00023a60       _PF_centerprint            00424a60 f   pr_cmds.obj
 0001:00023bd0       _PF_sprint                 00424bd0 f   pr_cmds.obj
 0001:00023cd0       _PF_bprint                 00424cd0 f   pr_cmds.obj
 0001:00023fc0       _PF_setsize                00424fc0 f   pr_cmds.obj
 0001:00024050       _PF_setorigin              00425050 f   pr_cmds.obj
 0001:000240a0       _PF_makevectors            004250a0 f   pr_cmds.obj
 0001:000240e0       _PF_objerror               004250e0 f   pr_cmds.obj
 0001:00024170       _PF_error                  00425170 f   pr_cmds.obj
 0001:00024200       _PF_VarString              00425200 f   pr_cmds.obj
 0001:00024300       _PR_InitPatchTables        00425300 f   pr_edict.obj
 0001:00024440       _ED_ParseEdict             00425440 f   pr_edict.obj
 0001:000246b0       _ED_ParseEpair             004256b0 f   pr_edict.obj
 0001:000248e0       _ED_NewString              004258e0 f   pr_edict.obj
 0001:00024950       _ED_ParseGlobals           00425950 f   pr_edict.obj
 0001:00024af0       _ED_WriteGlobals           00425af0 f   pr_edict.obj
 0001:00024bf0       _ED_Write                  00425bf0 f   pr_edict.obj
 0001:00024d10       _PR_GlobalStringNoContents 00425d10 f   pr_edict.obj
 0001:00024e60       _PR_GlobalString           00425e60 f   pr_edict.obj
 0001:00024fc0       _PR_UglyValueString        00425fc0 f   pr_edict.obj
 0001:00025120       _PR_ValueString            00426120 f   pr_edict.obj
 0001:00025290       _ED_FindFunction           00426290 f   pr_edict.obj
 0001:00025360       _ED_FindGlobal             00426360 f   pr_edict.obj
 0001:00025420       _ED_FindField              00426420 f   pr_edict.obj
 0001:000254e0       _ED_FieldAtOfs             004264e0 f   pr_edict.obj
 0001:00025510       _ED_GlobalAtOfs            00426510 f   pr_edict.obj
 0001:00025540       _ED_FindFunctionOffset     00426540 f   pr_edict.obj
 0001:00025570       _ED_PrintNum               00426570 f   pr_edict.obj
 0001:000255b0       _ED_Print                  004265b0 f   pr_edict.obj
 0001:00025700       _PR1_LoadProgs             00426700 f   pr_edict.obj
 0001:00025b80       _ED_LoadFromFile           00426b80 f   pr_edict.obj
 0001:00025d40       _PR1_ClientCmd             00426d40 f   pr_edict.obj
 0001:00025ea0       _ED_Count                  00426ea0 f   pr_edict.obj
 0001:00025f80       _PR1_GetEdictFieldValue    00426f80 f   pr_edict.obj
 0001:00026070       _ED_PrintEdict_f           00427070 f   pr_edict.obj
 0001:000260f0       _ED1_FindFieldOffset       004270f0 f   pr_edict.obj
 0001:00026110       _ED_PrintEdicts            00427110 f   pr_edict.obj
 0001:00026180       _PR1_InitProg              00427180 f   pr_edict.obj
 0001:000261b0       _ED_Free                   004271b0 f   pr_edict.obj
 0001:00026280       _EDICT_NUM                 00427280 f   pr_edict.obj
 0001:000262b0       _ED_Alloc                  004272b0 f   pr_edict.obj
 0001:00026450       _NUM_FOR_EDICT             00427450 f   pr_edict.obj
 0001:00026480       _ED_ClearEdict             00427480 f   pr_edict.obj
 0001:00026500       _PR_ConsoleCmd             00427500 f   pr_edict.obj
 0001:00026550       _PR_LeaveFunction          00427550 f   pr_exec.obj
 0001:00026600       _PR_EnterFunction          00427600 f   pr_exec.obj
 0001:00026710       _PR_StackTrace             00427710 f   pr_exec.obj
 0001:00026810       _PR_PrintStatement         00427810 f   pr_exec.obj
 0001:000269a0       _PR_SetTmpString           004279a0 f   pr_exec.obj
 0001:00026a00       _PR_RunError               00427a00 f   pr_exec.obj
 0001:00026b90       _PR_Profile_f              00427b90 f   pr_exec.obj
 0001:00026c50       _PR1_GetString             00427c50 f   pr_exec.obj
 0001:00026c90       _PR1_GameClientPreThink    00427c90 f   pr_exec.obj
 0001:00026cb0       _PR1_ClientSay             00427cb0 f   pr_exec.obj
 0001:00026d80       _PR1_GameClientPostThink   00427d80 f   pr_exec.obj
 0001:00026db0       _PR1_SetString             00427db0 f   pr_exec.obj
 0001:00026e20       _PR1_GamePutClientInServer 00427e20 f   pr_exec.obj
 0001:00026e40       _PR1_GameClientConnect     00427e40 f   pr_exec.obj
 0001:00026e70       _PR1_UnLoadProgs           00427e70 f   pr_exec.obj
 0001:00026e90       _PR_ExecuteProgram         00427e90 f   pr_exec.obj
 0001:00027920       _PR1_PausedTic             00428920 f   pr_exec.obj
 0001:00027940       _PR1_GameClientDisconnect  00428940 f   pr_exec.obj
 0001:00027970       _SHA1_Final                00428970 f   sha1.obj
 0001:000279e0       _SHA1_Update               004289e0 f   sha1.obj
 0001:00027a10       _SHA1_Init                 00428a10 f   sha1.obj
 0001:00027a60       _SHA1                      00428a60 f   sha1.obj
 0001:00028ff0       _SV_InitOperatorCommands   00429ff0 f   sv_ccmds.obj
 0001:00029270       _SV_MasterPassword_f       0042a270 f   sv_ccmds.obj
 0001:000292d0       _SV_SnapAll_f              0042a2d0 f   sv_ccmds.obj
 0001:00029310       _SV_Snap_f                 0042a310 f   sv_ccmds.obj
 0001:00029340       _SV_Snap                   0042a340 f   sv_ccmds.obj
 0001:00029780       _SV_Gamedir_f              0042a780 f   sv_ccmds.obj
 0001:00029840       _SV_Floodprotmsg_f         0042a840 f   sv_ccmds.obj
 0001:000298a0       _SV_Floodprot_f            0042a8a0 f   sv_ccmds.obj
 0001:00029990       _SV_Gamedir                0042a990 f   sv_ccmds.obj
 0001:00029a50       _SV_User_f                 0042aa50 f   sv_ccmds.obj
 0001:00029b60       _SV_Localinfo_f            0042ab60 f   sv_ccmds.obj
 0001:00029d50       _SV_Localinfo_Set          0042ad50 f   sv_ccmds.obj
 0001:00029e30       _SV_Serverinfo_f           0042ae30 f   sv_ccmds.obj
 0001:00029f80       _SV_SendServerInfoChange   0042af80 f   sv_ccmds.obj
 0001:0002a040       _SV_ConSay_f               0042b040 f   sv_ccmds.obj
 0001:0002a270       _SV_Check_maps_f           0042b270 f   sv_ccmds.obj
 0001:0002a3e0       _SV_Status_f               0042b3e0 f   sv_ccmds.obj
 0001:0002a770       _SV_Nslookup_f             0042b770 f   sv_ccmds.obj
 0001:0002a7e0       _SV_Resolve                0042b7e0 f   sv_ccmds.obj
 0001:0002a810       _SV_ListPenalty_f          0042b810 f   sv_ccmds.obj
 0001:0002aa30       _SV_RemovePenalty_f        0042ba30 f   sv_ccmds.obj
 0001:0002aac0       _SV_Mute_f                 0042bac0 f   sv_ccmds.obj
 0001:0002af10       _SV_Cuff_f                 0042bf10 f   sv_ccmds.obj
 0001:0002b340       _SV_MatchUser              0042c340 f   sv_ccmds.obj
 0001:0002b490       _SV_KickClient             0042c490 f   sv_ccmds.obj
 0001:0002b4f0       _SV_Kick_f                 0042c4f0 f   sv_ccmds.obj
 0001:0002b750       _SV_LocalCommand_f         0042c750 f   sv_ccmds.obj
 0001:0002b9a0       _SV_RemoveFile_f           0042c9a0 f   sv_ccmds.obj
 0001:0002bbf0       _SV_RemoveDirectory_f      0042cbf0 f   sv_ccmds.obj
 0001:0002bcb0       _SV_ListFiles_f            0042ccb0 f   sv_ccmds.obj
 0001:0002bf50       _SV_ReplaceChar            0042cf50 f   sv_ccmds.obj
 0001:0002bf70       _SV_Map_f                  0042cf70 f   sv_ccmds.obj
 0001:0002bf80       _SV_Map                    0042cf80 f   sv_ccmds.obj
 0001:0002c240       _SV_Fly_f                  0042d240 f   sv_ccmds.obj
 0001:0002c2d0       _SV_Give_f                 0042d2d0 f   sv_ccmds.obj
 0001:0002c440       _SV_Noclip_f               0042d440 f   sv_ccmds.obj
 0001:0002c4c0       _SV_God_f                  0042d4c0 f   sv_ccmds.obj
 0001:0002c540       _SV_SetPlayer              0042d540 f   sv_ccmds.obj
 0001:0002c5c0       _SV_ModFragLogfile_f       0042d5c0 f   sv_ccmds.obj
 0001:0002c5d0       _SV_PlayerLogfile_f        0042d5d0 f   sv_ccmds.obj
 0001:0002c5e0       _SV_FragLogfile_f          0042d5e0 f   sv_ccmds.obj
 0001:0002c5f0       _SV_TelnetLogfile_f        0042d5f0 f   sv_ccmds.obj
 0001:0002c600       _SV_RconLogfile_f          0042d600 f   sv_ccmds.obj
 0001:0002c610       _SV_ErrorLogfile_f         0042d610 f   sv_ccmds.obj
 0001:0002c620       _SV_Logfile_f              0042d620 f   sv_ccmds.obj
 0001:0002c630       _SV_Logfile                0042d630 f   sv_ccmds.obj
 0001:0002c830       _SV_Restart_f              0042d830 f   sv_ccmds.obj
 0001:0002c840       _SV_Quit_f                 0042d840 f   sv_ccmds.obj
 0001:0002c850       _SV_Quit                   0042d850 f   sv_ccmds.obj
 0001:0002c870       _SV_ServerinfoChanged      0042d870 f   sv_ccmds.obj
 0001:0002ca00       _SV_MVDInit                0042da00 f   sv_demo.obj
 0001:0002ce90       _SV_MVDEasyRecord_f        0042de90 f   sv_demo.obj
 0001:0002d480       _SV_MVD_Record_f           0042e480 f   sv_demo.obj
 0001:0002d680       _SV_MVD_SendInitialGamestate 0042e680 f   sv_demo.obj
 0001:0002fb70       _SV_MVD_Record             00430b70 f   sv_demo.obj
 0001:0002fc60       _MVD_PlayerReset           00430c60 f   sv_demo.obj
 0001:0002fd70       _SV_MVD_Cancel_f           00430d70 f   sv_demo.obj
 0001:0002fe40       _SV_MVDStop                00430e40 f   sv_demo.obj
 0001:00030530       _SV_MVDWritePackets        00431530 f   sv_demo.obj
 0001:00031290       _DemoWriteDest             00432290 f   sv_demo.obj
 0001:00031490       _DestFlush                 00432490 f   sv_demo.obj
 0001:000317d0       _DestClose                 004327d0 f   sv_demo.obj
 0001:00031900       _DestByName                00432900 f   sv_demo.obj
 0001:00031940       _MVD_SZ_Write              00432940 f   sv_demo.obj
 0001:00031970       _MVD_MSG_WriteFloat        00432970 f   sv_demo.obj
 0001:000319e0       _SV_MVDStop_f              004329e0 f   sv_demo.obj
 0001:000319f0       _MVD_MSG_WriteShort        004329f0 f   sv_demo.obj
 0001:00031a20       _MVD_MSG_WriteLong         00432a20 f   sv_demo.obj
 0001:00031a60       _MVD_MSG_WriteAngle        00432a60 f   sv_demo.obj
 0001:00031a80       _MVD_MSG_WriteByte         00432a80 f   sv_demo.obj
 0001:00031ab0       _MVD_MSG_WriteCoord        00432ab0 f   sv_demo.obj
 0001:00031ad0       _MVD_MSG_WriteString       00432ad0 f   sv_demo.obj
 0001:00031b40       _MVDWrite_Begin            00432b40 f   sv_demo.obj
 0001:00031d10       _MVD_MSG_WriteChar         00432d10 f   sv_demo.obj
 0001:00031d40       _SV_MVDDemoName            00432d40 f   sv_demo.obj
 0001:00031d90       _SV_MVDNum                 00432d90 f   sv_demo_misc.obj
 0001:00031f10       _SV_DemoList               00432f10 f   sv_demo_misc.obj
 0001:000322c0       _Run_sv_demotxt_and_sv_onrecordfinish 004332c0 f   sv_demo_misc.obj
 0001:000324d0       _SV_DirSizeCheck           004334d0 f   sv_demo_misc.obj
 0001:00032600       _SV_DemoList_f             00433600 f   sv_demo_misc.obj
 0001:00032610       _SV_LastScores_f           00433610 f   sv_demo_misc.obj
 0001:00032850       _SV_PrintTeams             00433850 f   sv_demo_misc.obj
 0001:00032da0       _Dem_PlayerName            00433da0 f   sv_demo_misc.obj
 0001:00032de0       _SV_MVDInfoAdd_f           00433de0 f   sv_demo_misc.obj
 0001:00033140       _SV_MVDInfo_f              00434140 f   sv_demo_misc.obj
 0001:00033300       _Dem_CountPlayers          00434300 f   sv_demo_misc.obj
 0001:00033360       _CleanName_Init            00434360 f   sv_demo_misc.obj
 0001:000334e0       _SV_MVDInfoRemove_f        004344e0 f   sv_demo_misc.obj
 0001:00033630       _SV_CleanName              00434630 f   sv_demo_misc.obj
 0001:000336a0       _SV_MVDRemoveNum_f         004346a0 f   sv_demo_misc.obj
 0001:00033800       _Dem_PlayerNameTeam        00434800 f   sv_demo_misc.obj
 0001:000338e0       _SV_MVDRemove_f            004348e0 f   sv_demo_misc.obj
 0001:00033b80       _Dem_Team                  00434b80 f   sv_demo_misc.obj
 0001:00033c40       _SV_DemoListRegex_f        00434c40 f   sv_demo_misc.obj
 0001:00033c50       _Dem_CountTeamPlayers      00434c50 f   sv_demo_misc.obj
 0001:00033cc0       _quote                     00434cc0 f   sv_demo_misc.obj
 0001:00033d60       _SV_MVDName2Txt            00434d60 f   sv_demo_misc.obj
 0001:00033eb0       _Qtv_Status_f              00434eb0 f   sv_demo_qtv.obj
 0001:00033f50       _Qtv_Close_f               00434f50 f   sv_demo_qtv.obj
 0001:000340a0       _QTV_Streams_UserList      004350a0 f   sv_demo_qtv.obj
 0001:00034110       _QTV_Streams_List          00435110 f   sv_demo_qtv.obj
 0001:00034190       _Qtv_List_f                00435190 f   sv_demo_qtv.obj
 0001:000342b0       _DemoWriteQTV              004352b0 f   sv_demo_qtv.obj
 0001:00034390       _QTV_ReadDests             00435390 f   sv_demo_qtv.obj
 0001:00034650       _QTV_ReadInput             00435650 f   sv_demo_qtv.obj
 0001:000348d0       _QTV_ExecuteCmd            004358d0 f   sv_demo_qtv.obj
 0001:00034a40       _Cmd_Qtvusers_f            00435a40 f   sv_demo_qtv.obj
 0001:00034d70       _QTVsv_ChangeEvent         00435d70 f   sv_demo_qtv.obj
 0001:00034dd0       _QTVsv_LeaveEvent          00435dd0 f   sv_demo_qtv.obj
 0001:00034e10       _QTVsv_JoinEvent           00435e10 f   sv_demo_qtv.obj
 0001:00035000       _QTVcmd_Say_f              00436000 f   sv_demo_qtv.obj
 0001:00035310       _SV_MVD_RunPendingConnections 00436310 f   sv_demo_qtv.obj
 0001:00036120       _SV_MVDStream_Poll         00437120 f   sv_demo_qtv.obj
 0001:000364b0       _SV_MVDCloseStreams        004374b0 f   sv_demo_qtv.obj
 0001:000368a0       _SV_QTV_Init               004378a0 f   sv_demo_qtv.obj
 0001:00036910       _QTVsv_FreeUserList        00437910 f   sv_demo_qtv.obj
 0001:00036950       _SV_SkipCommsBotMessage    00437950 f   sv_ents.obj
 0001:000369b0       _SV_SetVisibleEntitiesForBot 004379b0 f   sv_ents.obj
 0001:00036b50       _SV_WriteEntitiesToClient  00437b50 f   sv_ents.obj
 0001:00037630       _SV_EntityVisibleToClient  00438630 f   sv_ents.obj
 0001:00038120       _SV_PlayerVisibleToClient  00439120 f   sv_ents.obj
 0001:000388e0       _SV_WriteDelta             004398e0 f   sv_ents.obj
 0001:00039140       _SV_SpawnServer            0043a140 f   sv_init.obj
 0001:0003a9d0       _SV_ModelIndex             0043b9d0 f   sv_init.obj
 0001:0003aa50       _SV_FlushSignon            0043ba50 f   sv_init.obj
 0001:0003aad0       _SV_LoginBlockJoinRequest  0043bad0 f   sv_login.obj
 0001:0003ab40       _SV_LoginRequired          0043bb40 f   sv_login.obj
 0001:0003ab90       _SV_LoginCheckTimeOut      0043bb90 f   sv_login.obj
 0001:0003af30       _SV_ParseLogin             0043bf30 f   sv_login.obj
 0001:0003b110       _SV_ParseWebLogin          0043c110 f   sv_login.obj
 0001:0003b240       _SV_Logout                 0043c240 f   sv_login.obj
 0001:0003b300       _SV_Login                  0043c300 f   sv_login.obj
 0001:0003b500       _Login_Init                0043c500 f   sv_login.obj
 0001:0003b6e0       _SV_BlockAccount_f         0043c6e0 f   sv_login.obj
 0001:0003b710       _SV_UnblockAccount_f       0043c710 f   sv_login.obj
 0001:0003b740       _SV_blockAccount           0043c740 f   sv_login.obj
 0001:0003b870       _SV_ListAccount_f          0043c870 f   sv_login.obj
 0001:0003b900       _SV_RemoveAccount_f        0043c900 f   sv_login.obj
 0001:0003ba90       _SV_CreateAccount_f        0043ca90 f   sv_login.obj
 0001:0003bec0       _SV_LoadAccounts           0043cec0 f   sv_login.obj
 0001:0003c1e0       _SV_LoginWebCheck          0043d1e0 f   sv_login.obj
 0001:0003c230       _SV_LoginWebFailed         0043d230 f   sv_login.obj
 0001:0003c290       _Sys_compare_by_name       0043d290 f   sv_main.obj
 0001:0003c2b0       _SV_Init                   0043d2b0 f   sv_main.obj
 0001:0003c610       _Host_Init                 0043d610 f   sv_main.obj
 0001:0003cf20       _Host_InitMemory           0043df20 f   sv_main.obj
 0001:0003d090       _COM_Init                  0043e090 f   sv_main.obj
 0001:0003d0e0       _OnChange_qconsolelogsay_var 0043e0e0 f   sv_main.obj
 0001:0003d0f0       _OnChange_telnetloglevel_var 0043e0f0 f   sv_main.obj
 0001:0003d100       _OnChange_admininfo_var    0043e100 f   sv_main.obj
 0001:0003d130       _OnChange_logdir_var       0043e130 f   sv_main.obj
 0001:0003d170       _OnChange_sysselecttimeout_var 0043e170 f   sv_main.obj
 0001:0003d1a0       _SV_InitLocal              0043e1a0 f   sv_main.obj
 0001:0003d950       _SV_Frame                  0043e950 f   sv_main.obj
 0001:0003e4f0       _SV_BoundRate              0043f4f0 f   sv_main.obj
 0001:0003eed0       _SV_RestorePenaltyFilter   0043fed0 f   sv_main.obj
 0001:0003ef80       _SV_SavePenaltyFilter      0043ff80 f   sv_main.obj
 0001:0003f280       _SV_VIPbyPass              00440280 f   sv_main.obj
 0001:0003f3e0       _SV_VIPbyIP                004403e0 f   sv_main.obj
 0001:0003f420       _SV_Cmd_Banremove_f        00440420 f   sv_main.obj
 0001:0003f5a0       _SV_Cmd_Banip_f            004405a0 f   sv_main.obj
 0001:0003f9b0       _SV_Cmd_Ban_f              004409b0 f   sv_main.obj
 0001:0003ffa0       _SV_CleanBansIPList        00440fa0 f   sv_main.obj
 0001:00040040       _SV_RemoveBansIPFilter     00441040 f   sv_main.obj
 0001:00040080       _SV_CanAddBan              00441080 f   sv_main.obj
 0001:000400d0       _SV_BanList                004410d0 f   sv_main.obj
 0001:00040300       _Do_BanList                00441300 f   sv_main.obj
 0001:000404b0       _SV_FilterPacket           004414b0 f   sv_main.obj
 0001:00040510       _SV_SendBan                00441510 f   sv_main.obj
 0001:00041e00       _SV_Admin_f                00442e00 f   sv_main.obj
 0001:00041fb0       _Master_Rcon_Validate      00442fb0 f   sv_main.obj
 0001:000420e0       _Rcon_Validate             004430e0 f   sv_main.obj
 0001:00043280       _PlayerCanConnect          00444280 f   sv_main.obj
 0001:000432a0       _SpectatorCanConnect       004442a0 f   sv_main.obj
 0001:000432f0       _CountPlayersSpecsVips     004442f0 f   sv_main.obj
 0001:00043390       _CheckReConnect            00444390 f   sv_main.obj
 0001:00043520       _CheckPasswords            00444520 f   sv_main.obj
 0001:000437f0       _CheckUserinfo             004447f0 f   sv_main.obj
 0001:000438c0       _CheckProtocol             004448c0 f   sv_main.obj
 0001:00043910       _CheckChallange            00444910 f   sv_main.obj
 0001:00043a10       _FixMaxClientsCvars        00444a10 f   sv_main.obj
 0001:00044460       _SV_FullClientUpdateToClient 00445460 f   sv_main.obj
 0001:000445c0       _SV_FinalMessage           004455c0 f   sv_main.obj
 0001:00044720       _StringToFilter            00445720 f   sv_main.obj
 0001:00044800       _Host_ClearMemory          00445800 f   sv_main.obj
 0001:000448b0       _Sys_compare_by_date       004458b0 f   sv_main.obj
 0001:000448d0       _SV_Script_f               004458d0 f   sv_main.obj
 0001:00044b20       _SV_LogPlayer              00445b20 f   sv_main.obj
 0001:00044cb0       _SV_DropClient             00445cb0 f   sv_main.obj
 0001:00044e30       _SV_Shutdown               00445e30 f   sv_main.obj
 0001:00045170       _SV_RemoveIPFilter         00446170 f   sv_main.obj
 0001:000451b0       _SV_FullClientUpdate       004461b0 f   sv_main.obj
 0001:00045430       _SV_Write_Log              00446430 f   sv_main.obj
 0001:000455a0       _SV_GenerateUserID         004465a0 f   sv_main.obj
 0001:00045630       _SV_CalcPing               00446630 f   sv_main.obj
 0001:00045700       _SV_TimeOfDay              00446700 f   sv_main.obj
 0001:000457b0       _SV_ExtractFromUserinfo    004467b0 f   sv_main.obj
 0001:00045de0       _SV_Error                  00446de0 f   sv_main.obj
 0001:00045e70       _GameStarted               00446e70 f   sv_main.obj
 0001:00045fc0       _Master_Shutdown           00446fc0 f   sv_master.obj
 0001:000460f0       _Master_Heartbeat          004470f0 f   sv_master.obj
 0001:00046250       _SV_Heartbeat_f            00447250 f   sv_master.obj
 0001:00046270       _SV_SetMaster_f            00447270 f   sv_master.obj
 0001:00046400       _parse_mod_string          00447400 f   sv_mod_frags.obj
 0001:00046770       _qwmsg_pcre_check          00447770 f   sv_mod_frags.obj
 0001:000468a0       _free_qwmsg_t              004478a0 f   sv_mod_frags.obj
 0001:00046920       _sv_mod_msg_file_OnChange  00447920 f   sv_mod_frags.obj
 0001:00046c20       _SV_FixCheckBottom         00447c20 f   sv_move.obj
 0001:00046c40       _SV_MoveToGoal             00447c40 f   sv_move.obj
 0001:00046d20       _SV_NewChaseDir            00447d20 f   sv_move.obj
 0001:000470b0       _SV_CloseEnough            004480b0 f   sv_move.obj
 0001:00047100       _SV_StepDirection          00448100 f   sv_move.obj
 0001:00047310       _SV_CheckBottom            00448310 f   sv_move.obj
 0001:00047680       _SV_movestep               00448680 f   sv_move.obj
 0001:00047ac0       _SV_ClearBackbuf           00448ac0 f   sv_nchan.obj
 0001:00047ad0       _ClientReliableWrite_SZ    00448ad0 f   sv_nchan.obj
 0001:00047b60       _ClientReliableWrite_Float 00448b60 f   sv_nchan.obj
 0001:00047bf0       _ClientReliable_FinishWrite 00448bf0 f   sv_nchan.obj
 0001:00047c40       _SV_ClearReliable          00448c40 f   sv_nchan.obj
 0001:00047c60       _ClientReliableWrite_Coord 00448c60 f   sv_nchan.obj
 0001:00047cd0       _ClientReliableWrite_Short 00448cd0 f   sv_nchan.obj
 0001:00047d70       _ClientReliableWrite_Char  00448d70 f   sv_nchan.obj
 0001:00047df0       _ClientReliableWrite_Byte  00448df0 f   sv_nchan.obj
 0001:00047e70       _ClientReliableWrite_Long  00448e70 f   sv_nchan.obj
 0001:00047f40       _ClientReliableCheckBlock  00448f40 f   sv_nchan.obj
 0001:00048000       _ClientReliableWrite_Angle 00449000 f   sv_nchan.obj
 0001:00048070       _ClientReliableWrite_Begin 00449070 f   sv_nchan.obj
 0001:00048090       _ClientReliableWrite_String 00449090 f   sv_nchan.obj
 0001:00048190       _SV_RunNewmis              00449190 f   sv_phys.obj
 0001:000481f0       _SV_RunNQNewmis            004491f0 f   sv_phys.obj
 0001:000482f0       _SV_RunEntity              004492f0 f   sv_phys.obj
 0001:00048500       _SV_Physics_Step           00449500 f   sv_phys.obj
 0001:000485e0       _SV_Physics_Toss           004495e0 f   sv_phys.obj
 0001:00048980       _SV_CheckWaterTransition   00449980 f   sv_phys.obj
 0001:00048a70       _SV_Physics_Noclip         00449a70 f   sv_phys.obj
 0001:00048b10       _SV_Physics_None           00449b10 f   sv_phys.obj
 0001:00048b20       _SV_Physics_Pusher         00449b20 f   sv_phys.obj
 0001:00048d50       _SV_PushMove               00449d50 f   sv_phys.obj
 0001:00048e10       _SV_Push                   00449e10 f   sv_phys.obj
 0001:00049280       _SV_PushEntity             0044a280 f   sv_phys.obj
 0001:000493a0       _SV_AddGravity             0044a3a0 f   sv_phys.obj
 0001:000493d0       _SV_FlyMove                0044a3d0 f   sv_phys.obj
 0001:00049970       _ClipVelocity              0044a970 f   sv_phys.obj
 0001:00049a30       _SV_Impact                 0044aa30 f   sv_phys.obj
 0001:00049b40       _SV_RunThink               0044ab40 f   sv_phys.obj
 0001:00049c00       _SV_CheckVelocity          0044ac00 f   sv_phys.obj
 0001:00049d00       _OnChange_pm_airstep       0044ad00 f   sv_phys.obj
 0001:00049d50       _SV_RunBots                0044ad50 f   sv_phys.obj
 0001:0004a020       _SV_Physics                0044b020 f   sv_phys.obj
 0001:0004a290       _SV_ProgStartFrame         0044b290 f   sv_phys.obj
 0001:0004a320       _SV_SetMoveVars            0044b320 f   sv_phys.obj
 0001:0004a3c0       _SV_SavegameComment        0044b3c0 f   sv_save.obj
 0001:0004a4e0       _SV_SaveGame_f             0044b4e0 f   sv_save.obj
 0001:0004ab00       _SV_LoadGame_f             0044bb00 f   sv_save.obj
 0001:0004b160       _MVD_WriteStats            0044c160 f   sv_send.obj
 0001:0004b3f0       _SV_MVDPings               0044c3f0 f   sv_send.obj
 0001:0004bd60       _SV_SendClientDatagram     0044cd60 f   sv_send.obj
 0001:0004bef0       _SV_UpdateClientStats      0044cef0 f   sv_send.obj
 0001:0004c0e0       _SV_WriteClientdataToMessage 0044d0e0 f   sv_send.obj
 0001:0004cc20       _SV_MulticastEx            0044dc20 f   sv_send.obj
 0001:0004cf90       _SV_DoBroadcastPrintf      0044df90 f   sv_send.obj
 0001:0004d2b0       _SV_AddToRedirect          0044e2b0 f   sv_send.obj
 0001:0004d340       _SV_FlushRedirect          0044e340 f   sv_send.obj
 0001:0004d4d0       _SV_SendDemoMessage        0044e4d0 f   sv_send.obj
 0001:0004d930       _SV_SendClientMessages     0044e930 f   sv_send.obj
 0001:0004df30       _SV_FindModelNumbers       0044ef30 f   sv_send.obj
 0001:0004e030       _SV_SendMessagesToAll      0044f030 f   sv_send.obj
 0001:0004e060       _SV_BroadcastCommand       0044f060 f   sv_send.obj
 0001:0004e130       _SV_StartParticle          0044f130 f   sv_send.obj
 0001:0004e1e0       _SV_BroadcastPrintf        0044f1e0 f   sv_send.obj
 0001:0004e250       _SV_StartSound             0044f250 f   sv_send.obj
 0001:0004e960       _SV_Multicast              0044f960 f   sv_send.obj
 0001:0004e970       _SV_ClientPrintf           0044f970 f   sv_send.obj
 0001:0004ec40       _SV_EndRedirect            0044fc40 f   sv_send.obj
 0001:0004ec60       _SV_BeginRedirect          0044fc60 f   sv_send.obj
 0001:0004ec70       _SV_ClientPrintf2          0044fc70 f   sv_send.obj
 0001:0004ee40       _SV_BroadcastPrintfEx      0044fe40 f   sv_send.obj
 0001:0004eeb0       _Con_DPrintf               0044feb0 f   sv_send.obj
 0001:0004ef30       _Con_Printf                0044ff30 f   sv_send.obj
 0001:0004f060       _main                      00450060 f   sv_sys_win.obj
 0001:0004f220       _Sys_InitDoubleTime        00450220 f   sv_sys_win.obj
 0001:0004f290       _myInvalidParameterHandler 00450290 f   sv_sys_win.obj
 0001:0004f2a0       _Sys_Exit                  004502a0 f   sv_sys_win.obj
 0001:0004f2b0       _Sys_FileTime              004502b0 f   sv_sys_win.obj
 0001:0004f310       _ParseCommandLine          00450310 f   sv_sys_win.obj
 0001:0004f3a0       _Sys_GetModuleName         004503a0 f   sv_sys_win.obj
 0001:0004f3f0       _Sys_Init                  004503f0 f   sv_sys_win.obj
 0001:0004f540       _Sys_Script                00450540 f   sv_sys_win.obj
 0001:0004f670       _Sys_ConsoleInput          00450670 f   sv_sys_win.obj
 0001:0004f750       _Sys_rmdir                 00450750 f   sv_sys_win.obj
 0001:0004f760       _Sys_Quit                  00450760 f   sv_sys_win.obj
 0001:0004f810       _Sys_remove                00450810 f   sv_sys_win.obj
 0001:0004f820       _Sys_DLProc                00450820 f   sv_sys_win.obj
 0001:0004f830       _Sys_DLClose               00450830 f   sv_sys_win.obj
 0001:0004f840       _Sys_DLOpen                00450840 f   sv_sys_win.obj
 0001:0004f850       _Sys_listdir               00450850 f   sv_sys_win.obj
 0001:0004fb80       _Sys_DoubleTime            00450b80 f   sv_sys_win.obj
 0001:0004fc90       _Sys_EnumerateFiles        00450c90 f   sv_sys_win.obj
 0001:0004fef0       _Sys_mkdir                 00450ef0 f   sv_sys_win.obj
 0001:0004ff00       _Sys_Printf                00450f00 f   sv_sys_win.obj
 0001:00050000       _Sys_Error                 00451000 f   sv_sys_win.obj
 0001:00050320       _SV_ServerSideWeaponRank   00451320 f   sv_user.obj
 0001:00050960       _Cmd_Logout_f              00451960 f   sv_user.obj
 0001:000509e0       _Cmd_ChallengeResponse_f   004519e0 f   sv_user.obj
 0001:00050ac0       _Cmd_Login_f               00451ac0 f   sv_user.obj
 0001:00050b70       _Cmd_PEXT_f                00451b70 f   sv_user.obj
 0001:00050d30       _SV_Voice_UnmuteAll_f      00451d30 f   sv_user.obj
 0001:00050d40       _SV_Voice_MuteAll_f        00451d40 f   sv_user.obj
 0001:00050d50       _SV_Voice_Target_f         00451d50 f   sv_user.obj
 0001:00050e60       _SV_Voice_Ignore_f         00451e60 f   sv_user.obj
 0001:00050f30       _SV_VoiceReadPacket        00451f30 f   sv_user.obj
 0001:000553e0       _SV_CancelUpload           004563e0 f   sv_user.obj
 0001:00055800       _SV_NextChunkedDownload    00456800 f   sv_user.obj
 0001:00055a70       _SV_CompleteDownoload      00456a70 f   sv_user.obj
 0001:000583f0       _PlayerCheckPing           004593f0 f   sv_user.obj
 0001:00058660       _SV_VoiceSendPacket        00459660 f   sv_user.obj
 0001:00058840       _SV_RotateCmd              00459840 f   sv_user.obj
 0001:000588c0       _SV_RunCmd                 004598c0 f   sv_user.obj
 0001:00059320       _SV_PreRunCmd              0045a320 f   sv_user.obj
 0001:00059340       _SV_PostRunCmd             0045a340 f   sv_user.obj
 0001:00059a20       _SV_UserInit               0045aa20 f   sv_user.obj
 0001:00059ab0       _SV_VoiceInitClient        0045aab0 f   sv_user.obj
 0001:00059ae0       _SV_ExecuteClientMessage   0045aae0 f   sv_user.obj
 0001:0005aae0       _SV_PMTypeForClient        0045bae0 f   sv_user.obj
 0001:0005ab50       _SV_TogglePause            0045bb50 f   sv_user.obj
 0001:0005ac20       _ProcessUserInfoChange     0045bc20 f   sv_user.obj
 0001:0005aff0       _VersionStringFull         0045bff0 f   build.obj
 0001:0005b020       _SV_AntilagClipCheck       0045c020 f   world.obj
 0001:0005b2e0       _SV_AntilagClipSetUp       0045c2e0 f   world.obj
 0001:0005b360       _SV_MoveBounds             0045c360 f   world.obj
 0001:0005b470       _SV_ClipToLinks            0045c470 f   world.obj
 0001:0005b640       _SV_ClipMoveToEntity       0045c640 f   world.obj
 0001:0005ba00       _SV_LinkToLeafs            0045ca00 f   world.obj
 0001:0005bc10       _SV_CreateAreaNode         0045cc10 f   world.obj
 0001:0005bd70       _InsertLinkBefore          0045cd70 f   world.obj
 0001:0005bd90       _RemoveLink                0045cd90 f   world.obj
 0001:0005bdb0       _ClearLink                 0045cdb0 f   world.obj
 0001:0005bdc0       _SV_HullForEntity          0045cdc0 f   world.obj
 0001:0005bf90       _SV_TestEntityPosition     0045cf90 f   world.obj
 0001:0005c010       _SV_ClearWorld             0045d010 f   world.obj
 0001:0005c040       _SV_UnlinkEdict            0045d040 f   world.obj
 0001:0005c070       _SV_AreaEdicts             0045d070 f   world.obj
 0001:0005c1c0       _SV_Trace                  0045d1c0 f   world.obj
 0001:0005c4b0       _SV_LinkEdict              0045d4b0 f   world.obj
 0001:0005c770       _SV_PointContents          0045d770 f   world.obj
 0001:0005c790       _SV_AntilagReset           0045d790 f   world.obj
 0001:0005c7b0       _Cache_Free                0045d7b0 f   zone.obj
 0001:0005c820       _Cache_Init_Commands       0045d820 f   zone.obj
 0001:0005c860       _Cache_Init                0045d860 f   zone.obj
 0001:0005c8d0       _Cache_Report              0045d8d0 f   zone.obj
 0001:0005c930       _Cache_Print               0045d930 f   zone.obj
 0001:0005c990       _Cache_Flush               0045d990 f   zone.obj
 0001:0005ca20       _Cache_TryAlloc            0045da20 f   zone.obj
 0001:0005cb90       _Cache_MakeLRU             0045db90 f   zone.obj
 0001:0005cbd0       _Cache_UnlinkLRU           0045dbd0 f   zone.obj
 0001:0005cc10       _Cache_FreeHigh            0045dc10 f   zone.obj
 0001:0005cd30       _Cache_FreeLow             0045dd30 f   zone.obj
 0001:0005ce90       _Cache_Move                0045de90 f   zone.obj
 0001:0005cef0       _Hunk_HighAllocName        0045def0 f   zone.obj
 0001:0005d0d0       _Hunk_FreeToHighMark       0045e0d0 f   zone.obj
 0001:0005d140       _Hunk_HighMark             0045e140 f   zone.obj
 0001:0005d160       _Hunk_Print_f              0045e160 f   zone.obj
 0001:0005d330       _Hunk_Print                0045e330 f   zone.obj
 0001:0005d4f0       _Memory_Init               0045e4f0 f   zone.obj
 0001:0005d580       _Hunk_TempAlloc            0045e580 f   zone.obj
 0001:0005d5d0       _Hunk_AllocName            0045e5d0 f   zone.obj
 0001:0005d7e0       _Hunk_Alloc                0045e7e0 f   zone.obj
 0001:0005d800       _Hunk_LowMark              0045e800 f   zone.obj
 0001:0005d810       _Hunk_FreeToLowMark        0045e810 f   zone.obj
 0001:0005d850       _pcre_get_substring_list   0045e850 f   get.obj
 0001:0005d910       _pcre_free_substring_list  0045e910 f   get.obj
 0001:000625a0       _pcre_compile              004635a0 f   pcre.obj
 0001:00063630       _pcre_exec                 00464630 f   pcre.obj
 0001:00063be0       __chkstk                   00464be0 f   MSVCRTD:chkstk.obj
 0001:00063be0       __alloca_probe             00464be0 f   MSVCRTD:chkstk.obj
 0001:00063c10       __ftoui3                   00464c10 f   MSVCRTD:ftol3.obj
 0001:00063c1f       __ftoul3                   00464c1f f   MSVCRTD:ftol3.obj
 0001:00063c2e       __ftol3                    00464c2e f   MSVCRTD:ftol3.obj
 0001:00063c3b       __ftol3_NaN                00464c3b f   MSVCRTD:ftol3.obj
 0001:00063c53       __ftol3_work               00464c53 f   MSVCRTD:ftol3.obj
 0001:00063cd9       __ftol3_common             00464cd9 f   MSVCRTD:ftol3.obj
 0001:00063d9b       __ftol3_arg_error          00464d9b f   MSVCRTD:ftol3.obj
 0001:00063dad       __ftol3_except             00464dad f   MSVCRTD:ftol3.obj
 0001:00063df1       __dtoui3                   00464df1 f   MSVCRTD:ftol3.obj
 0001:00063e00       __dtoul3                   00464e00 f   MSVCRTD:ftol3.obj
 0001:00063e0f       __dtol3                    00464e0f f   MSVCRTD:ftol3.obj
 0001:00063e1c       __dtol3_NaN                00464e1c f   MSVCRTD:ftol3.obj
 0001:00063e39       __dtol3_work               00464e39 f   MSVCRTD:ftol3.obj
 0001:00063f20       __ultod3                   00464f20 f   MSVCRTD:ftol3.obj
 0001:00063f60       __ltod3                    00464f60 f   MSVCRTD:ftol3.obj
 0001:00063f87       _memchr                    00464f87 f   vcruntimed:VCRUNTIME140D.dll
 0001:00063f8d       _memcpy                    00464f8d f   vcruntimed:VCRUNTIME140D.dll
 0001:00063f93       _memmove                   00464f93 f   vcruntimed:VCRUNTIME140D.dll
 0001:00063f99       __CIatan2                  00464f99 f   ucrtd:ucrtbased.dll
 0001:00063f9f       __libm_sse2_acos_precise   00464f9f f   ucrtd:ucrtbased.dll
 0001:00063fa5       __libm_sse2_cos_precise    00464fa5 f   ucrtd:ucrtbased.dll
 0001:00063fab       __libm_sse2_pow_precise    00464fab f   ucrtd:ucrtbased.dll
 0001:00063fb1       __libm_sse2_sin_precise    00464fb1 f   ucrtd:ucrtbased.dll
 0001:00063fb7       __libm_sse2_sqrt_precise   00464fb7 f   ucrtd:ucrtbased.dll
 0001:00063fbd       _ceil                      00464fbd f   ucrtd:ucrtbased.dll
 0001:00063fc3       _floor                     00464fc3 f   ucrtd:ucrtbased.dll
 0001:00063fc9       __except1                  00464fc9 f   ucrtd:ucrtbased.dll
 0002:00000000       __imp__FindClose@4         00465000     kernel32:KERNEL32.dll
 0002:00000004       __imp__GetCurrentDirectoryA@8 00465004     kernel32:KERNEL32.dll
 0002:00000008       __imp__FindNextFileA@8     00465008     kernel32:KERNEL32.dll
 0002:0000000c       __imp__GetCurrentProcess@0 0046500c     kernel32:KERNEL32.dll
[...]
 0001:00061f34       $LN66                      00462f34     pcre.obj
 0001:00061f40       $LN58                      00462f40     pcre.obj
 0001:00061f50       _first_significant_code    00462f50 f   pcre.obj
 0001:00061fe8       $LN31                      00462fe8     pcre.obj
 0001:00061ffc       $LN28                      00462ffc     pcre.obj
 0001:00062050       _read_repeat_counts        00463050 f   pcre.obj
 0001:00062120       _is_counted_repeat         00463120 f   pcre.obj
 0001:000621b0       _check_escape              004631b0 f   pcre.obj
 0001:00062384       $LN52                      00463384     pcre.obj
 0001:0006239c       $LN49                      0046339c     pcre.obj
 0001:000623f0       _try_flipped               004633f0 f   pcre.obj
 0001:00062570       _byteflip                  00463570 f   pcre.obj
 0001:000634dc       $LN371                     004644dc     pcre.obj
 0001:00063500       $LN317                     00464500     pcre.obj
 0001:0006355c       $LN372                     0046455c     pcre.obj
 0001:00063580       $LN318                     00464580     pcre.obj
 0001:000635b4       $LN373                     004645b4     pcre.obj
 0001:000635dc       $LN319                     004645dc     pcre.obj
 0001:00063be0       $$000000                   00464be0     MSVCRTD:chkstk.obj
 0001:00063c10       $$000000                   00464c10     MSVCRTD:ftol3.obj
 0002:00000284       ?pre_cpp_initializer@@3P6AXXZA 00465284     MSVCRTD:exe_main.obj
 0002:00000290       ?pre_c_initializer@@3P6AHXZA 00465290     MSVCRTD:exe_main.obj
 0002:00000294       ?post_pgo_initializer@@3P6AHXZA 00465294     MSVCRTD:exe_main.obj
 0002:000002b0       _GS_ExceptionPointers      004652b0     MSVCRTD:gs_report.obj
 0002:00000c60       _cmd_null_string           00465c60     cmd.obj
 0002:00000c64       _cvar_null_string          00465c64     cvar.obj
 0002:00000de0       _crctable                  00465de0     crc.obj
 0002:00000fe0       ?sign@?1??PM_NudgePosition@@9@9 00465fe0     pmove.obj
 0002:00001130       _type_size                 00466130     pr_edict.obj
 0002:000011e0       _escapes                   004661e0     pcre.obj
 0002:00001278       _rep_max                   00466278     pcre.obj
 0002:00001280       _OP_lengths                00466280     pcre.obj
 0002:000012d4       _posix_name_lengths        004662d4     pcre.obj
 0002:000012e4       _rep_min                   004662e4     pcre.obj
 0002:000012f0       _digitab                   004662f0     pcre.obj
 0002:000013f0       _posix_class_maps          004663f0     pcre.obj
 0002:000014a0       _posix_names               004664a0     pcre.obj
 0002:0000b690       _Int32ToUInt32             00470690     MSVCRTD:ftol3.obj
 0002:0000b698       _DP2to32                   00470698     MSVCRTD:ftol3.obj
 0002:0000b6a0       _MantissaMask              004706a0     MSVCRTD:ftol3.obj
 0002:0000b6a8       _IntegerBit                004706a8     MSVCRTD:ftol3.obj
 0002:0000b6b0       _SignBit64                 004706b0     MSVCRTD:ftol3.obj
 0002:0000b6b8       _MinFP64                   004706b8     MSVCRTD:ftol3.obj
 0002:0000b6c0       _MinInt64                  004706c0     MSVCRTD:ftol3.obj
 0002:0000b6c8       _MaxInt64                  004706c8     MSVCRTD:ftol3.obj
 0002:0000b6d0       _MaxUInt64                 004706d0     MSVCRTD:ftol3.obj
 0002:0000b6d8       _MaxFP32                   004706d8     MSVCRTD:ftol3.obj
 0002:0000b6e0       _MinFP32                   004706e0     MSVCRTD:ftol3.obj
 0002:0000b6e8       _MinSubInexact             004706e8     MSVCRTD:ftol3.obj
 0002:0000b6f0       _FpExcptTable              004706f0     MSVCRTD:ftol3.obj
 0002:0000b700       _i1075                     00470700     MSVCRTD:ftol3.obj
 0002:0000b704       _i1087                     00470704     MSVCRTD:ftol3.obj
 0002:0000b708       _x0800                     00470708     MSVCRTD:ftol3.obj
 0002:0000b70c       _x17FF                     0047070c     MSVCRTD:ftol3.obj
 0002:0000b710       _CWMask                    00470710     MSVCRTD:ftol3.obj
 0002:0000bad0       __sehtable$?__scrt_common_main_seh@@YAHXZ 00470ad0     MSVCRTD:exe_main.obj
 0002:0000baf0       __sehtable$___scrt_is_nonwritable_in_current_image 00470af0     MSVCRTD:utility.obj
 0002:0000be14       .idata$6                   00470e14     wsock32:WSOCK32.dll
 0002:0000be40       .idata$6                   00470e40     winmm:WINMM.dll
 0002:0000bf72       .idata$6                   00470f72     kernel32:KERNEL32.dll
 0002:0000c0a4       .idata$6                   004710a4     libcurl:libcurl.dll
 0002:0000c0f2       .idata$6                   004710f2     vcruntimed:VCRUNTIME140D.dll
 0002:0000c506       .idata$6                   00471506     ucrtd:ucrtbased.dll
 0003:000015e8       _sv_www_checkin_period     004735e8     central.obj
 0003:00001604       _sv_www_address            00473604     central.obj
 0003:00001620       _sv_www_authkey            00473620     central.obj
 0003:0000163c       _qwm_static                0047363c     sv_mod_frags.obj
 0003:00001640       _table                     00473640     common.obj
 0003:000016a0       _chktbl                    004736a0     common.obj
 0003:00001aa0       _PADDING                   00473aa0     md4.obj
 0003:00001ae0       ?supported_extensions@?1??PF_checkextension@@9@9 00473ae0     pr_cmds.obj
 0003:00001b2c       _qtv_pendingtimeout        00473b2c     sv_demo_qtv.obj
 0003:00001b48       _std_builtins              00473b48     pr_cmds.obj
 0003:00001c94       _qtv_sayenabled            00473c94     sv_demo_qtv.obj
 0003:00001cb0       _ext_builtins              00473cb0     pr_cmds.obj
 0003:00001d70       _pr_globaloffsetpatch_nq   00473d70     pr_edict.obj
 0003:00001e68       _qtv_password              00473e68     sv_demo_qtv.obj
 0003:00001e84       _qtv_maxstreams            00473e84     sv_demo_qtv.obj
 0003:00001ea0       _qtv_streamport            00473ea0     sv_demo_qtv.obj
 0003:00001ebc       ?first@?1??Sys_DoubleTime@@9@9 00473ebc     sv_sys_win.obj
 0003:00001ec0       _ucmds                     00473ec0     sv_demo_qtv.obj
 0003:00001ee8       ?qwm_homepage@?1??SV_InitLocal@@9@9 00473ee8     sv_main.obj
 0003:00001f04       ?qws_version@?1??SV_InitLocal@@9@9 00473f04     sv_main.obj
 0003:00001f20       ?qwm_version@?1??SV_InitLocal@@9@9 00473f20     sv_main.obj
 0003:00001f3c       ?qwm_platform@?1??SV_InitLocal@@9@9 00473f3c     sv_main.obj
 0003:00001f58       ?qws_name@?1??SV_InitLocal@@9@9 00473f58     sv_main.obj
 0003:00001f74       ?qwm_name@?1??SV_InitLocal@@9@9 00473f74     sv_main.obj
 0003:00001f90       ?qws_buildnum@?1??SV_InitLocal@@9@9 00473f90     sv_main.obj
 0003:00001fac       ?qwm_buildnum@?1??SV_InitLocal@@9@9 00473fac     sv_main.obj
 0003:00001fc8       ?qwm_builddate@?1??SV_InitLocal@@9@9 00473fc8     sv_main.obj
 0003:00001fe4       ?qws_builddate@?1??SV_InitLocal@@9@9 00473fe4     sv_main.obj
 0003:00002000       ?qws_platform@?1??SV_InitLocal@@9@9 00474000     sv_main.obj
 0003:0000201c       ?qwm_fullname@?1??SV_InitLocal@@9@9 0047401c     sv_main.obj
 0003:00002038       ?qws_fullname@?1??SV_InitLocal@@9@9 00474038     sv_main.obj
 0003:00002054       ?qws_homepage@?1??SV_InitLocal@@9@9 00474054     sv_main.obj
 0003:00002070       ?up@?2??SV_RotateCmd@@9@9  00474070     sv_user.obj
 0003:00002080       _ucmds                     00474080     sv_user.obj
 0003:00002308       _pcre_default_tables       00474308     pcre.obj
 0003:00002760       _GS_ExceptionRecord        00474760     MSVCRTD:gs_report.obj
 0003:000027b0       _GS_ContextRecord          004747b0     MSVCRTD:gs_report.obj
 0003:00002a84       ?is_initialized_as_dll@@3_NA 00474a84     MSVCRTD:utility.obj
 0003:00002a85       ?module_local_atexit_table_initialized@@3_NA 00474a85     MSVCRTD:utility.obj
 0003:00002a88       ?module_local_atexit_table@@3U_onexit_table_t@@A 00474a88     MSVCRTD:utility.obj
 0003:00002a94       ?module_local_at_quick_exit_table@@3U_onexit_table_t@@A 00474a94     MSVCRTD:utility.obj
 0003:00002c7c       _isdaemon                  00474c7c     sv_sys_win.obj
 0003:00002c84       ?index1@?1??va@@9@9        00474c84     bothtools.obj
 0003:00002c88       ?string@?1??va@@9@9        00474c88     bothtools.obj
 0003:00006c88       _last_checkin_time         00478c88     central.obj
 0003:00006c90       _curl_handle               00478c90     central.obj
 0003:00006c94       _web_requests              00478c94     central.obj
 0003:00006c98       _cmd_alias                 00478c98     cmd.obj
 0003:00006c9c       _cmd_args                  00478c9c     cmd.obj
 0003:00006ca0       _cmd_alias_hash            00478ca0     cmd.obj
 0003:00006d20       ?buf@?1??Cmd_ExecuteString@@9@9 00478d20     cmd.obj
 0003:00007120       _cmd_argc                  00479120     cmd.obj
 0003:00007124       _cmd_functions             00479124     cmd.obj
 0003:00007128       ?argv_buf@?1??Cmd_TokenizeString@@9@9 00479128     cmd.obj
 0003:00007728       _cmd_hash_array            00479728     cmd.obj
 0003:000077a8       _leafs_list                004797a8     cmodel.obj
 0003:000077b0       _cmd_argv                  004797b0     cmd.obj
 0003:000078f0       _loadname                  004798f0     cmodel.obj
 0003:00007910       _box_planes                00479910     cmodel.obj
 0003:00007988       _map_vis_rowlongs          00479988     cmodel.obj
 0003:0000798c       _box_hull                  0047998c     cmodel.obj
 0003:000079b4       _leafs_maxs                004799b4     cmodel.obj
 0003:000079c0       _map_phs                   004799c0     cmodel.obj
 0003:000079c4       _cmod_base                 004799c4     cmodel.obj
 0003:000079c8       _map_planes                004799c8     cmodel.obj
 0003:000079d0       _fatpvs                    004799d0     cmodel.obj
 0003:000089d0       ?decompressed@?1??DecompressVis@@9@9 0047a9d0     cmodel.obj
 0003:000099d0       _numcmodels                0047b9d0     cmodel.obj
 0003:000099d4       _leafs_overflow            0047b9d4     cmodel.obj
 0003:000099d8       _leafs_maxcount            0047b9d8     cmodel.obj
 0003:000099dc       _leafs_mins                0047b9dc     cmodel.obj
 0003:000099e8       _fatpvs_org                0047b9e8     cmodel.obj
 0003:000099f4       _map_nodes                 0047b9f4     cmodel.obj
 0003:000099f8       _visleafs                  0047b9f8     cmodel.obj
 0003:000099fc       _leafs_topnode             0047b9fc     cmodel.obj
 0003:00009a00       _map_entitystring          0047ba00     cmodel.obj
 0003:00009a04       _map_leafs                 0047ba04     cmodel.obj
 0003:00009a08       _map_checksum2             0047ba08     cmodel.obj
 0003:00009a10       _map_cmodels               0047ba10     cmodel.obj
 0003:00022210       _numclipnodes              00494210     cmodel.obj
 0003:00022214       _leafs_count               00494214     cmodel.obj
 0003:00022218       _fatbytes                  00494218     cmodel.obj
 0003:00022220       _box_clipnodes             00494220     cmodel.obj
 0003:00022268       _map_pvs                   00494268     cmodel.obj
 0003:0002226c       _map_checksum              0049426c     cmodel.obj
 0003:00022270       _map_novis                 00494270     cmodel.obj
 0003:00023270       _map_name                  00495270     cmodel.obj
 0003:000232b0       _map_clipnodes             004952b0     cmodel.obj
 0003:000232b4       _map_vis_rowbytes          004952b4     cmodel.obj
 0003:000232b8       _map_halflife              004952b8     cmodel.obj
 0003:000232bc       _numnodes                  004952bc     cmodel.obj
 0003:000232c0       ?value@?1??Info_ValueForKey@@9@9 004952c0     common.obj
 0003:00023ac0       ?string@?1??MSG_ReadString@@9@9 00495ac0     common.obj
 0003:000242c0       ?value@?1??Info_Get@@9@9   004962c0     common.obj
 0003:00024ac0       ?string@?1??MSG_ReadStringLine@@9@9 00496ac0     common.obj
 0003:000252c0       _largv                     004972c0     common.obj
 0003:0002538c       _q_normalize_chartbl_init  0049738c     common.obj
 0003:00025390       _q_normalize_chartbl       00497390     common.obj
 0003:00025490       ?valueindex@?1??Info_ValueForKey@@9@9 00497490     common.obj
 0003:00025494       ?valueindex@?1??Info_Get@@9@9 00497494     common.obj
 0003:00025498       _cvar_vars                 00497498     cvar.obj
 0003:0002549c       ?changing@?1??Cvar_Set@@9@9 0049749c     cvar.obj
 0003:000254a0       _cvar_hash                 004974a0     cvar.obj
 0003:00025520       _fs_base_searchpaths       00497520     fs.obj
 0003:00025524       _fs_searchpaths            00497524     fs.obj
 0003:00025528       _fs_gamedirfile            00497528     fs.obj
 0003:00025568       _fs_basedir                00497568     fs.obj
 0003:000255e8       ?idx@?1??NET_AdrToString@@9@9 004975e8     net.obj
 0003:000255f0       ?s@?1??NET_BaseAdrToString@@9@9 004975f0     net.obj
 0003:000257f0       ?s@?1??NET_AdrToString@@9@9 004977f0     net.obj
 0003:000259f0       _net_message_buffer        004979f0     net.obj
 0003:000279f0       ?idx@?1??NET_BaseAdrToString@@9@9 004999f0     net.obj
 0003:000279f4       _pm_frametime              004999f4     pmove.obj
 0003:000279f8       ?last_error_time@?1??Netchan_Transmit@@9@9 004999f8     net_chan.obj
 0003:00027a00       _groundplane               00499a00     pmove.obj
 0003:00027a10       _pm_forward                00499a10     pmove.obj
 0003:00027a1c       _pm_right                  00499a1c     pmove.obj
 0003:00027a28       ?last_spawncount@?1??PF2_changelevel@@9@9 00499a28     pr2_cmds.obj
 0003:00027a2c       _checkpvs                  00499a2c     pr2_cmds.obj
 0003:00027a30       ?ov@?1??PF2_infokey@@9@9   00499a30     pr2_cmds.obj
 0003:00027b30       ?out@?1??PF_VarString@@9@9 00499b30     pr_cmds.obj
 0003:00028330       _checkpvs                  0049a330     pr_cmds.obj
 0003:00028334       _nqp_ignore_this_frame     0049a334     pr_cmds.obj
 0003:00028338       ?ov@?1??PF_infokey@@9@9    0049a338     pr_cmds.obj
 0003:00028438       _nqp_expect                0049a438     pr_cmds.obj
 0003:0002843c       _nqp_buf                   0049a43c     pr_cmds.obj
 0003:00028450       ?last_spawncount@?1??PF_changelevel@@9@9 0049a450     pr_cmds.obj
 0003:00028454       ?rep@?1??PR1_GetEdictFieldValue@@9@9 0049a454     pr_edict.obj
 0003:00028458       ?index1@?1??PR_SetTmpString@@9@9 0049a458     pr_exec.obj
 0003:00028460       _nqp_buf_data              0049a460     pr_cmds.obj
 0003:00028860       ?line@?1??PR_GlobalStringNoContents@@9@9 0049a860     pr_edict.obj
 0003:000288e0       ?line@?1??PR_UglyValueString@@9@9 0049a8e0     pr_edict.obj
 0003:000289e0       ?line@?1??PR_ValueString@@9@9 0049a9e0     pr_edict.obj
 0003:00028ae0       ?cmd_copy@?2??PR1_ClientCmd@@9@9 0049aae0     pr_edict.obj
 0003:00028b60       ?line@?1??PR_GlobalString@@9@9 0049ab60     pr_edict.obj
 0003:00028be0       ?args_copy@?2??PR1_ClientCmd@@9@9 0049abe0     pr_edict.obj
 0003:00028fe0       ?cmd_copy@?3??PR1_ClientCmd@@9@9 0049afe0     pr_edict.obj
 0003:00029060       _gefvCache                 0049b060     pr_edict.obj
 0003:000290e8       ?tmp@?1??PR_SetTmpString@@9@9 0049b0e8     pr_exec.obj
 0003:0002d0e8       ?changed@?1??SV_Map@@9@9   0049f0e8     sv_ccmds.obj
 0003:0002d0f0       _context                   0049f0f0     sha1.obj
 0003:0002d14c       ?ret@?1??bin2hex@@9@9      0049f14c     sha1.obj
 0003:0002d178       ?level@?1??SV_Map@@9@9     0049f178     sv_ccmds.obj
 0003:0002d1b8       ?expanded@?1??SV_Map@@9@9  0049f1b8     sv_ccmds.obj
 0003:0002d1f8       ?entityfile@?1??SV_Map@@9@9 0049f1f8     sv_ccmds.obj
 0003:0002d238       ?instop@?1??SV_MVDStop@@9@9 0049f238     sv_demo.obj
 0003:0002d23c       ?empty_baseline@?BD@??SV_MVD_SendInitialGamestate@@9@9 0049f23c     sv_demo.obj
 0003:0002d270       ?lastteam@?1??Dem_Team@@9@9 0049f270     sv_demo_misc.obj
 0003:0002d278       ?index1@?1??Dem_Team@@9@9  0049f278     sv_demo_misc.obj
 0003:0002d280       ?text@?1??SV_CleanName@@9@9 0049f280     sv_demo_misc.obj
 0003:0002d680       _chartbl                   0049f680     sv_demo_misc.obj
 0003:0002d780       ?lastscores@?1??SV_PrintTeams@@9@9 0049f780     sv_demo_misc.obj
 0003:0002df80       ?n@?1??Dem_PlayerNameTeam@@9@9 0049ff80     sv_demo_misc.obj
 0003:0002e380       _warned_time               004a0380     sv_demo_qtv.obj
 0003:0002e388       _listenport                004a0388     sv_demo_qtv.obj
 0003:0002e38c       ?lastdest@?1??SV_InitStream@@9@9 004a038c     sv_demo_qtv.obj
 0003:0002e390       _numnails                  004a0390     sv_ents.obj
 0003:0002e394       _nailcount                 004a0394     sv_ents.obj
 0003:0002e398       _num_accounts              004a0398     sv_login.obj
 0003:0002e3a0       _nails                     004a03a0     sv_ents.obj
 0003:0002e420       _accounts                  004a0420     sv_login.obj
 0003:0004f760       ?old_maxdlrate@?1??SV_CheckVars@@9@9 004c1760     sv_main.obj
 0003:0004f764       _host_hunklevel            004c1764     sv_main.obj
 0003:0004f768       ?vspw@?1??SV_CheckVars@@9@9 004c1768     sv_main.obj
 0003:0004f7a8       ?inerror@?1??SV_Error@@9@9 004c17a8     sv_main.obj
 0003:0004f7b0       ?string@?1??DecodeArgs@@9@9 004c17b0     sv_main.obj
 0003:0004fbb0       ?start@?1??SV_Frame@@9@9   004c1bb0     sv_main.obj
 0003:0004fbb8       ?end@?1??SV_Frame@@9@9     004c1bb8     sv_main.obj
 0003:0004fbc0       ?date@?1??SV_Write_Log@@9@9 004c1bc0     sv_main.obj
 0003:0004fc58       ?pw@?1??SV_CheckVars@@9@9  004c1c58     sv_main.obj
 0003:0004fc98       ?old_maxrate@?1??SV_CheckVars@@9@9 004c1c98     sv_main.obj
 0003:0004fc9c       ?lpackets@?1??rcon_bandlim@@9@9 004c1c9c     sv_main.obj
 0003:0004fca0       ?lticks@?1??rcon_bandlim@@9@9 004c1ca0     sv_main.obj
 0003:0004fca8       ?spw@?1??SV_CheckVars@@9@9 004c1ca8     sv_main.obj
 0003:0004fce8       ?string@?1??SV_Error@@9@9  004c1ce8     sv_main.obj
 0003:000500e8       ?extramsec@?1??SV_RunBots@@9@9 004c20e8     sv_phys.obj
 0003:000500f0       _master_adr                004c20f0     sv_master.obj
 0003:00050150       ?string2@?1??SV_DoBroadcastPrintf@@9@9 004c2150     sv_send.obj
 0003:00050550       _sv_redirectbufcount       004c2550     sv_send.obj
 0003:00050554       _argc                      004c2554     sv_sys_win.obj
 0003:00050558       ?inerror@?1??Sys_Error@@9@9 004c2558     sv_sys_win.obj
 0003:00050560       ?text@?1??Sys_ConsoleInput@@9@9 004c2560     sv_sys_win.obj
 0003:00050660       _hwtimer                   004c2660     sv_sys_win.obj
 0003:00050664       _title                     004c2664     sv_sys_win.obj
 0003:00050674       ?len@?1??Sys_ConsoleInput@@9@9 004c2674     sv_sys_win.obj
 0003:00050678       ?exename@?1??Sys_GetModuleName@@9@9 004c2678     sv_sys_win.obj
 0003:00050a78       _pfreq                     004c2a78     sv_sys_win.obj
 0003:00050a80       ?list@?1??Sys_listdir@@9@9 004c2a80     sv_sys_win.obj
 0003:00120a80       _argv                      00592a80     sv_sys_win.obj
 0003:00120b48       ?starttime@?1??Sys_DoubleTime@@9@9 00592b48     sv_sys_win.obj
 0003:00120b4c       ?empty_baseline@?BA@??Cmd_PreSpawn_f@@9@9 00592b4c     sv_user.obj
 0003:00120b80       _startcount                00592b80     sv_sys_win.obj
 0003:00120b88       ?shortn@?1??TrimModelName@@9@9 00592b88     sv_user.obj
 0003:00120bd0       _playertouch               00592bd0     sv_user.obj
 0003:00120cd0       ?str@?1??VersionStringFull@@9@9 00592cd0     build.obj
 0003:00120dd0       _w                         00592dd0     world.obj
 0004:00000120       $R000000                   02e9b120     winquake.res
 0004:00000240       $R000120                   02e9b240     winquake.res
 0004:00000368       $R000248                   02e9b368     winquake.res
 0004:00000650       $R000530                   02e9b650     winquake.res
